<?xml version="1.0" encoding="ISO-8859-1" ?>
<link_info>
   <banner>TI ARM Linker PC v20.2.5.LTS</banner>
   <copyright>Copyright (c) 1996-2018 Texas Instruments Incorporated</copyright>
   <link_time>0x62e98174</link_time>
   <link_errors>0x0</link_errors>
   <output_file>ccs432demoserve.out</output_file>
   <entry_point>
      <name>_c_int00_noargs</name>
      <address>0x4d4d</address>
   </entry_point>
   <input_file_list>
      <input_file id="fl-2">
         <path>.\</path>
         <kind>object</kind>
         <file>system_msp432p401r.obj</file>
         <name>system_msp432p401r.obj</name>
      </input_file>
      <input_file id="fl-3">
         <path>.\ccs\</path>
         <kind>object</kind>
         <file>startup_msp432p401r_ccs.obj</file>
         <name>startup_msp432p401r_ccs.obj</name>
      </input_file>
      <input_file id="fl-4">
         <path>.\dsp\</path>
         <kind>object</kind>
         <file>fft.obj</file>
         <name>fft.obj</name>
      </input_file>
      <input_file id="fl-5">
         <path>.\hardware\</path>
         <kind>object</kind>
         <file>FMAM.obj</file>
         <name>FMAM.obj</name>
      </input_file>
      <input_file id="fl-6">
         <path>.\hardware\</path>
         <kind>object</kind>
         <file>LCD12864.obj</file>
         <name>LCD12864.obj</name>
      </input_file>
      <input_file id="fl-7">
         <path>.\hardware\</path>
         <kind>object</kind>
         <file>adc.obj</file>
         <name>adc.obj</name>
      </input_file>
      <input_file id="fl-8">
         <path>.\hardware\</path>
         <kind>object</kind>
         <file>dac7811.obj</file>
         <name>dac7811.obj</name>
      </input_file>
      <input_file id="fl-9">
         <path>.\hardware\</path>
         <kind>object</kind>
         <file>dac8532.obj</file>
         <name>dac8532.obj</name>
      </input_file>
      <input_file id="fl-a">
         <path>.\hardware\</path>
         <kind>object</kind>
         <file>key.obj</file>
         <name>key.obj</name>
      </input_file>
      <input_file id="fl-b">
         <path>.\hardware\</path>
         <kind>object</kind>
         <file>key4x4.obj</file>
         <name>key4x4.obj</name>
      </input_file>
      <input_file id="fl-c">
         <path>.\hardware\</path>
         <kind>object</kind>
         <file>led.obj</file>
         <name>led.obj</name>
      </input_file>
      <input_file id="fl-d">
         <path>.\hardware\</path>
         <kind>object</kind>
         <file>oled.obj</file>
         <name>oled.obj</name>
      </input_file>
      <input_file id="fl-e">
         <path>.\hardware\</path>
         <kind>object</kind>
         <file>swspi.obj</file>
         <name>swspi.obj</name>
      </input_file>
      <input_file id="fl-f">
         <path>.\hardware\</path>
         <kind>object</kind>
         <file>tim32.obj</file>
         <name>tim32.obj</name>
      </input_file>
      <input_file id="fl-10">
         <path>.\hardware\</path>
         <kind>object</kind>
         <file>timA.obj</file>
         <name>timA.obj</name>
      </input_file>
      <input_file id="fl-11">
         <path>.\hardware\</path>
         <kind>object</kind>
         <file>tpl0401.obj</file>
         <name>tpl0401.obj</name>
      </input_file>
      <input_file id="fl-12">
         <path>.\sys\</path>
         <kind>object</kind>
         <file>baudrate_calculate.obj</file>
         <name>baudrate_calculate.obj</name>
      </input_file>
      <input_file id="fl-13">
         <path>.\sys\</path>
         <kind>object</kind>
         <file>delay.obj</file>
         <name>delay.obj</name>
      </input_file>
      <input_file id="fl-14">
         <path>.\sys\</path>
         <kind>object</kind>
         <file>sysinit.obj</file>
         <name>sysinit.obj</name>
      </input_file>
      <input_file id="fl-15">
         <path>.\sys\</path>
         <kind>object</kind>
         <file>usart.obj</file>
         <name>usart.obj</name>
      </input_file>
      <input_file id="fl-16">
         <path>.\user\</path>
         <kind>object</kind>
         <file>main.obj</file>
         <name>main.obj</name>
      </input_file>
      <input_file id="fl-22">
         <kind>object</kind>
         <file>&lt;internal&gt;</file>
         <name>&lt;internal&gt;</name>
      </input_file>
      <input_file id="fl-23">
         <path>D:\CCS\msp432sdk\simplelink_msp432p4_sdk_3_40_01_02\source\ti\devices\msp432p4xx\driverlib\ccs\</path>
         <kind>archive</kind>
         <file>msp432p4xx_driverlib.lib</file>
         <name>adc14.o</name>
      </input_file>
      <input_file id="fl-24">
         <path>D:\CCS\msp432sdk\simplelink_msp432p4_sdk_3_40_01_02\source\ti\devices\msp432p4xx\driverlib\ccs\</path>
         <kind>archive</kind>
         <file>msp432p4xx_driverlib.lib</file>
         <name>cs.o</name>
      </input_file>
      <input_file id="fl-25">
         <path>D:\CCS\msp432sdk\simplelink_msp432p4_sdk_3_40_01_02\source\ti\devices\msp432p4xx\driverlib\ccs\</path>
         <kind>archive</kind>
         <file>msp432p4xx_driverlib.lib</file>
         <name>dma.o</name>
      </input_file>
      <input_file id="fl-26">
         <path>D:\CCS\msp432sdk\simplelink_msp432p4_sdk_3_40_01_02\source\ti\devices\msp432p4xx\driverlib\ccs\</path>
         <kind>archive</kind>
         <file>msp432p4xx_driverlib.lib</file>
         <name>gpio.o</name>
      </input_file>
      <input_file id="fl-27">
         <path>D:\CCS\msp432sdk\simplelink_msp432p4_sdk_3_40_01_02\source\ti\devices\msp432p4xx\driverlib\ccs\</path>
         <kind>archive</kind>
         <file>msp432p4xx_driverlib.lib</file>
         <name>interrupt.o</name>
      </input_file>
      <input_file id="fl-28">
         <path>D:\CCS\msp432sdk\simplelink_msp432p4_sdk_3_40_01_02\source\ti\devices\msp432p4xx\driverlib\ccs\</path>
         <kind>archive</kind>
         <file>msp432p4xx_driverlib.lib</file>
         <name>spi.o</name>
      </input_file>
      <input_file id="fl-29">
         <path>D:\CCS\msp432sdk\simplelink_msp432p4_sdk_3_40_01_02\source\ti\devices\msp432p4xx\driverlib\ccs\</path>
         <kind>archive</kind>
         <file>msp432p4xx_driverlib.lib</file>
         <name>sysctl_a.o</name>
      </input_file>
      <input_file id="fl-2a">
         <path>D:\CCS\msp432sdk\simplelink_msp432p4_sdk_3_40_01_02\source\ti\devices\msp432p4xx\driverlib\ccs\</path>
         <kind>archive</kind>
         <file>msp432p4xx_driverlib.lib</file>
         <name>timer_a.o</name>
      </input_file>
      <input_file id="fl-2b">
         <path>D:\CCS\msp432sdk\simplelink_msp432p4_sdk_3_40_01_02\source\ti\devices\msp432p4xx\driverlib\ccs\</path>
         <kind>archive</kind>
         <file>msp432p4xx_driverlib.lib</file>
         <name>uart.o</name>
      </input_file>
      <input_file id="fl-2c">
         <path>D:\CCS\msp432sdk\simplelink_msp432p4_sdk_3_40_01_02\source\ti\devices\msp432p4xx\driverlib\ccs\</path>
         <kind>archive</kind>
         <file>msp432p4xx_driverlib.lib</file>
         <name>cpu.o</name>
      </input_file>
      <input_file id="fl-e2">
         <path>D:\CCS\ccs1040\ccs\tools\compiler\ti-cgt-arm_20.2.5.LTS\lib\</path>
         <kind>archive</kind>
         <file>rtsv7M4_T_le_v4SPD16_eabi.lib</file>
         <name>sprintf.c.obj</name>
      </input_file>
      <input_file id="fl-e3">
         <path>D:\CCS\ccs1040\ccs\tools\compiler\ti-cgt-arm_20.2.5.LTS\lib\</path>
         <kind>archive</kind>
         <file>rtsv7M4_T_le_v4SPD16_eabi.lib</file>
         <name>vsprintf.c.obj</name>
      </input_file>
      <input_file id="fl-e4">
         <path>D:\CCS\ccs1040\ccs\tools\compiler\ti-cgt-arm_20.2.5.LTS\lib\</path>
         <kind>archive</kind>
         <file>rtsv7M4_T_le_v4SPD16_eabi.lib</file>
         <name>fd_add_t2.asm.obj</name>
      </input_file>
      <input_file id="fl-e5">
         <path>D:\CCS\ccs1040\ccs\tools\compiler\ti-cgt-arm_20.2.5.LTS\lib\</path>
         <kind>archive</kind>
         <file>rtsv7M4_T_le_v4SPD16_eabi.lib</file>
         <name>fd_cmp_t2.asm.obj</name>
      </input_file>
      <input_file id="fl-e6">
         <path>D:\CCS\ccs1040\ccs\tools\compiler\ti-cgt-arm_20.2.5.LTS\lib\</path>
         <kind>archive</kind>
         <file>rtsv7M4_T_le_v4SPD16_eabi.lib</file>
         <name>fd_div_t2.asm.obj</name>
      </input_file>
      <input_file id="fl-e7">
         <path>D:\CCS\ccs1040\ccs\tools\compiler\ti-cgt-arm_20.2.5.LTS\lib\</path>
         <kind>archive</kind>
         <file>rtsv7M4_T_le_v4SPD16_eabi.lib</file>
         <name>fd_mul_t2.asm.obj</name>
      </input_file>
      <input_file id="fl-e8">
         <path>D:\CCS\ccs1040\ccs\tools\compiler\ti-cgt-arm_20.2.5.LTS\lib\</path>
         <kind>archive</kind>
         <file>rtsv7M4_T_le_v4SPD16_eabi.lib</file>
         <name>fd_toi_t2.asm.obj</name>
      </input_file>
      <input_file id="fl-e9">
         <path>D:\CCS\ccs1040\ccs\tools\compiler\ti-cgt-arm_20.2.5.LTS\lib\</path>
         <kind>archive</kind>
         <file>rtsv7M4_T_le_v4SPD16_eabi.lib</file>
         <name>fd_tos_t2.asm.obj</name>
      </input_file>
      <input_file id="fl-ea">
         <path>D:\CCS\ccs1040\ccs\tools\compiler\ti-cgt-arm_20.2.5.LTS\lib\</path>
         <kind>archive</kind>
         <file>rtsv7M4_T_le_v4SPD16_eabi.lib</file>
         <name>fd_tou_t2.asm.obj</name>
      </input_file>
      <input_file id="fl-eb">
         <path>D:\CCS\ccs1040\ccs\tools\compiler\ti-cgt-arm_20.2.5.LTS\lib\</path>
         <kind>archive</kind>
         <file>rtsv7M4_T_le_v4SPD16_eabi.lib</file>
         <name>fs_tod_t2.asm.obj</name>
      </input_file>
      <input_file id="fl-ec">
         <path>D:\CCS\ccs1040\ccs\tools\compiler\ti-cgt-arm_20.2.5.LTS\lib\</path>
         <kind>archive</kind>
         <file>rtsv7M4_T_le_v4SPD16_eabi.lib</file>
         <name>i_tofd_t2.asm.obj</name>
      </input_file>
      <input_file id="fl-ed">
         <path>D:\CCS\ccs1040\ccs\tools\compiler\ti-cgt-arm_20.2.5.LTS\lib\</path>
         <kind>archive</kind>
         <file>rtsv7M4_T_le_v4SPD16_eabi.lib</file>
         <name>memcpy_t2.asm.obj</name>
      </input_file>
      <input_file id="fl-ee">
         <path>D:\CCS\ccs1040\ccs\tools\compiler\ti-cgt-arm_20.2.5.LTS\lib\</path>
         <kind>archive</kind>
         <file>rtsv7M4_T_le_v4SPD16_eabi.lib</file>
         <name>u_tofd_t2.asm.obj</name>
      </input_file>
      <input_file id="fl-ef">
         <path>D:\CCS\ccs1040\ccs\tools\compiler\ti-cgt-arm_20.2.5.LTS\lib\</path>
         <kind>archive</kind>
         <file>rtsv7M4_T_le_v4SPD16_eabi.lib</file>
         <name>copy_zero_init.c.obj</name>
      </input_file>
      <input_file id="fl-f0">
         <path>D:\CCS\ccs1040\ccs\tools\compiler\ti-cgt-arm_20.2.5.LTS\lib\</path>
         <kind>archive</kind>
         <file>rtsv7M4_T_le_v4SPD16_eabi.lib</file>
         <name>copy_decompress_none.c.obj</name>
      </input_file>
      <input_file id="fl-f1">
         <path>D:\CCS\ccs1040\ccs\tools\compiler\ti-cgt-arm_20.2.5.LTS\lib\</path>
         <kind>archive</kind>
         <file>rtsv7M4_T_le_v4SPD16_eabi.lib</file>
         <name>copy_decompress_lzss.c.obj</name>
      </input_file>
      <input_file id="fl-f2">
         <path>D:\CCS\ccs1040\ccs\tools\compiler\ti-cgt-arm_20.2.5.LTS\lib\</path>
         <kind>archive</kind>
         <file>rtsv7M4_T_le_v4SPD16_eabi.lib</file>
         <name>strlen.c.obj</name>
      </input_file>
      <input_file id="fl-f3">
         <path>D:\CCS\ccs1040\ccs\tools\compiler\ti-cgt-arm_20.2.5.LTS\lib\</path>
         <kind>archive</kind>
         <file>rtsv7M4_T_le_v4SPD16_eabi.lib</file>
         <name>boot_cortex_m.c.obj</name>
      </input_file>
      <input_file id="fl-f4">
         <path>D:\CCS\ccs1040\ccs\tools\compiler\ti-cgt-arm_20.2.5.LTS\lib\</path>
         <kind>archive</kind>
         <file>rtsv7M4_T_le_v4SPD16_eabi.lib</file>
         <name>_printfi.c.obj</name>
      </input_file>
      <input_file id="fl-f5">
         <path>D:\CCS\ccs1040\ccs\tools\compiler\ti-cgt-arm_20.2.5.LTS\lib\</path>
         <kind>archive</kind>
         <file>rtsv7M4_T_le_v4SPD16_eabi.lib</file>
         <name>s_frexp.c.obj</name>
      </input_file>
      <input_file id="fl-f6">
         <path>D:\CCS\ccs1040\ccs\tools\compiler\ti-cgt-arm_20.2.5.LTS\lib\</path>
         <kind>archive</kind>
         <file>rtsv7M4_T_le_v4SPD16_eabi.lib</file>
         <name>s_scalbn.c.obj</name>
      </input_file>
      <input_file id="fl-f7">
         <path>D:\CCS\ccs1040\ccs\tools\compiler\ti-cgt-arm_20.2.5.LTS\lib\</path>
         <kind>archive</kind>
         <file>rtsv7M4_T_le_v4SPD16_eabi.lib</file>
         <name>wcslen.c.obj</name>
      </input_file>
      <input_file id="fl-f8">
         <path>D:\CCS\ccs1040\ccs\tools\compiler\ti-cgt-arm_20.2.5.LTS\lib\</path>
         <kind>archive</kind>
         <file>rtsv7M4_T_le_v4SPD16_eabi.lib</file>
         <name>ull_div_t2.asm.obj</name>
      </input_file>
      <input_file id="fl-f9">
         <path>D:\CCS\ccs1040\ccs\tools\compiler\ti-cgt-arm_20.2.5.LTS\lib\</path>
         <kind>archive</kind>
         <file>rtsv7M4_T_le_v4SPD16_eabi.lib</file>
         <name>memset_t2.asm.obj</name>
      </input_file>
      <input_file id="fl-fa">
         <path>D:\CCS\ccs1040\ccs\tools\compiler\ti-cgt-arm_20.2.5.LTS\lib\</path>
         <kind>archive</kind>
         <file>rtsv7M4_T_le_v4SPD16_eabi.lib</file>
         <name>autoinit.c.obj</name>
      </input_file>
      <input_file id="fl-fb">
         <path>D:\CCS\ccs1040\ccs\tools\compiler\ti-cgt-arm_20.2.5.LTS\lib\</path>
         <kind>archive</kind>
         <file>rtsv7M4_T_le_v4SPD16_eabi.lib</file>
         <name>pre_init.c.obj</name>
      </input_file>
      <input_file id="fl-fc">
         <path>D:\CCS\ccs1040\ccs\tools\compiler\ti-cgt-arm_20.2.5.LTS\lib\</path>
         <kind>archive</kind>
         <file>rtsv7M4_T_le_v4SPD16_eabi.lib</file>
         <name>cpy_tbl.c.obj</name>
      </input_file>
      <input_file id="fl-fd">
         <path>D:\CCS\ccs1040\ccs\tools\compiler\ti-cgt-arm_20.2.5.LTS\lib\</path>
         <kind>archive</kind>
         <file>rtsv7M4_T_le_v4SPD16_eabi.lib</file>
         <name>exit.c.obj</name>
      </input_file>
      <input_file id="fl-fe">
         <path>D:\CCS\ccs1040\ccs\tools\compiler\ti-cgt-arm_20.2.5.LTS\lib\</path>
         <kind>archive</kind>
         <file>rtsv7M4_T_le_v4SPD16_eabi.lib</file>
         <name>_lock.c.obj</name>
      </input_file>
      <input_file id="fl-ff">
         <path>D:\CCS\ccs1040\ccs\tools\compiler\ti-cgt-arm_20.2.5.LTS\lib\</path>
         <kind>archive</kind>
         <file>rtsv7M4_T_le_v4SPD16_eabi.lib</file>
         <name>_ltoa.c.obj</name>
      </input_file>
      <input_file id="fl-100">
         <path>D:\CCS\ccs1040\ccs\tools\compiler\ti-cgt-arm_20.2.5.LTS\lib\</path>
         <kind>archive</kind>
         <file>rtsv7M4_T_le_v4SPD16_eabi.lib</file>
         <name>args_main.c.obj</name>
      </input_file>
      <input_file id="fl-101">
         <path>D:\CCS\ccs1040\ccs\tools\compiler\ti-cgt-arm_20.2.5.LTS\lib\</path>
         <kind>archive</kind>
         <file>rtsv7M4_T_le_v4SPD16_eabi.lib</file>
         <name>atoi.c.obj</name>
      </input_file>
      <input_file id="fl-102">
         <path>D:\CCS\ccs1040\ccs\tools\compiler\ti-cgt-arm_20.2.5.LTS\lib\</path>
         <kind>archive</kind>
         <file>rtsv7M4_T_le_v4SPD16_eabi.lib</file>
         <name>ctype.c.obj</name>
      </input_file>
      <input_file id="fl-103">
         <path>D:\CCS\ccs1040\ccs\tools\compiler\ti-cgt-arm_20.2.5.LTS\lib\</path>
         <kind>archive</kind>
         <file>rtsv7M4_T_le_v4SPD16_eabi.lib</file>
         <name>memccpy.c.obj</name>
      </input_file>
      <input_file id="fl-104">
         <path>D:\CCS\ccs1040\ccs\tools\compiler\ti-cgt-arm_20.2.5.LTS\lib\</path>
         <kind>archive</kind>
         <file>rtsv7M4_T_le_v4SPD16_eabi.lib</file>
         <name>strchr.c.obj</name>
      </input_file>
      <input_file id="fl-105">
         <path>D:\CCS\ccs1040\ccs\tools\compiler\ti-cgt-arm_20.2.5.LTS\lib\</path>
         <kind>archive</kind>
         <file>rtsv7M4_T_le_v4SPD16_eabi.lib</file>
         <name>errno.c.obj</name>
      </input_file>
      <input_file id="fl-106">
         <path>D:\CCS\ccs1040\ccs\tools\compiler\ti-cgt-arm_20.2.5.LTS\lib\</path>
         <kind>archive</kind>
         <file>rtsv7M4_T_le_v4SPD16_eabi.lib</file>
         <name>s_copysign.c.obj</name>
      </input_file>
      <input_file id="fl-107">
         <path>D:\CCS\ccs1040\ccs\tools\compiler\ti-cgt-arm_20.2.5.LTS\lib\</path>
         <kind>archive</kind>
         <file>rtsv7M4_T_le_v4SPD16_eabi.lib</file>
         <name>div0.asm.obj</name>
      </input_file>
      <input_file id="fl-108">
         <path>D:\CCS\msp432sdk\simplelink_msp432p4_sdk_3_40_01_02\source\ti\iqmathlib\ccs\</path>
         <kind>archive</kind>
         <file>QmathLib_CCS_MSP432.lib</file>
         <name>_QNatan2.obj</name>
      </input_file>
      <input_file id="fl-109">
         <path>D:\CCS\msp432sdk\simplelink_msp432p4_sdk_3_40_01_02\source\ti\iqmathlib\ccs\</path>
         <kind>archive</kind>
         <file>QmathLib_CCS_MSP432.lib</file>
         <name>_QNdiv.obj</name>
      </input_file>
      <input_file id="fl-10a">
         <path>D:\CCS\msp432sdk\simplelink_msp432p4_sdk_3_40_01_02\source\ti\iqmathlib\ccs\</path>
         <kind>archive</kind>
         <file>QmathLib_CCS_MSP432.lib</file>
         <name>_QNsin_cos.obj</name>
      </input_file>
      <input_file id="fl-10b">
         <path>D:\CCS\msp432sdk\simplelink_msp432p4_sdk_3_40_01_02\source\ti\iqmathlib\ccs\</path>
         <kind>archive</kind>
         <file>QmathLib_CCS_MSP432.lib</file>
         <name>_QNsqrt.obj</name>
      </input_file>
      <input_file id="fl-10c">
         <path>D:\CCS\msp432sdk\simplelink_msp432p4_sdk_3_40_01_02\source\ti\iqmathlib\ccs\</path>
         <kind>archive</kind>
         <file>QmathLib_CCS_MSP432.lib</file>
         <name>_QNtables.obj</name>
      </input_file>
      <input_file id="fl-10d">
         <path>D:\CCS\msp432sdk\simplelink_msp432p4_sdk_3_40_01_02\source\ti\iqmathlib\ccs\</path>
         <kind>archive</kind>
         <file>QmathLib_CCS_MSP432.lib</file>
         <name>_QNmpy.obj</name>
      </input_file>
   </input_file_list>
   <object_component_list>
      <object_component id="oc-26">
         <name>.intvecs:retain</name>
         <load_address>0x0</load_address>
         <run_address>0x0</run_address>
         <size>0xe4</size>
         <input_file_ref idref="fl-3"/>
      </object_component>
      <object_component id="oc-347">
         <name>.text:__TI_printfi</name>
         <load_address>0xe8</load_address>
         <run_address>0xe8</run_address>
         <size>0xa4e</size>
         <input_file_ref idref="fl-f4"/>
      </object_component>
      <object_component id="oc-6d">
         <name>.text:Default_Handler</name>
         <load_address>0xb36</load_address>
         <run_address>0xb36</run_address>
         <size>0x2</size>
         <input_file_ref idref="fl-3"/>
      </object_component>
      <object_component id="oc-cf">
         <name>.text:main</name>
         <load_address>0xb38</load_address>
         <run_address>0xb38</run_address>
         <size>0x8f0</size>
         <input_file_ref idref="fl-16"/>
      </object_component>
      <object_component id="oc-49e">
         <name>.text:_pconv_a</name>
         <load_address>0x1428</load_address>
         <run_address>0x1428</run_address>
         <size>0x270</size>
         <input_file_ref idref="fl-f4"/>
      </object_component>
      <object_component id="oc-2da">
         <name>.text:eusci_calcBaudDividers</name>
         <load_address>0x1698</load_address>
         <run_address>0x1698</run_address>
         <size>0x1e0</size>
         <input_file_ref idref="fl-12"/>
      </object_component>
      <object_component id="oc-48c">
         <name>.text:_pconv_g</name>
         <load_address>0x1878</load_address>
         <run_address>0x1878</run_address>
         <size>0x1d0</size>
         <input_file_ref idref="fl-f4"/>
      </object_component>
      <object_component id="oc-362">
         <name>.text:cFFT</name>
         <load_address>0x1a48</load_address>
         <run_address>0x1a48</run_address>
         <size>0x1d0</size>
         <input_file_ref idref="fl-4"/>
      </object_component>
      <object_component id="oc-21d">
         <name>.text</name>
         <load_address>0x1c18</load_address>
         <run_address>0x1c18</run_address>
         <size>0x1b6</size>
         <input_file_ref idref="fl-e4"/>
      </object_component>
      <object_component id="oc-73">
         <name>.text:TA0_0_IRQHandler</name>
         <load_address>0x1dce</load_address>
         <run_address>0x1dce</run_address>
         <size>0x2</size>
         <input_file_ref idref="fl-10"/>
      </object_component>
      <object_component id="oc-1e5">
         <name>.text:fft_Display</name>
         <load_address>0x1dd0</load_address>
         <run_address>0x1dd0</run_address>
         <size>0x18c</size>
         <input_file_ref idref="fl-16"/>
      </object_component>
      <object_component id="oc-1b0">
         <name>.text:OLED_DrawLine</name>
         <load_address>0x1f5c</load_address>
         <run_address>0x1f5c</run_address>
         <size>0x164</size>
         <input_file_ref idref="fl-d"/>
      </object_component>
      <object_component id="oc-32f">
         <name>.text:OLED_ShowChar</name>
         <load_address>0x20c0</load_address>
         <run_address>0x20c0</run_address>
         <size>0x164</size>
         <input_file_ref idref="fl-d"/>
      </object_component>
      <object_component id="oc-444">
         <name>.text:_getIndexForMemRegister</name>
         <load_address>0x2224</load_address>
         <run_address>0x2224</run_address>
         <size>0x160</size>
         <input_file_ref idref="fl-23"/>
      </object_component>
      <object_component id="oc-1d3">
         <name>.text:mafilter</name>
         <load_address>0x2384</load_address>
         <run_address>0x2384</run_address>
         <size>0x154</size>
         <input_file_ref idref="fl-16"/>
      </object_component>
      <object_component id="oc-498">
         <name>.text:_pconv_e</name>
         <load_address>0x24d8</load_address>
         <run_address>0x24d8</run_address>
         <size>0x13c</size>
         <input_file_ref idref="fl-f4"/>
      </object_component>
      <object_component id="oc-202">
         <name>.text</name>
         <load_address>0x2614</load_address>
         <run_address>0x2614</run_address>
         <size>0x136</size>
         <input_file_ref idref="fl-e6"/>
      </object_component>
      <object_component id="oc-614">
         <name>.text</name>
         <load_address>0x274a</load_address>
         <run_address>0x274a</run_address>
         <size>0x2</size>
         <input_file_ref idref="fl-107"/>
      </object_component>
      <object_component id="oc-580">
         <name>.text:fcvt</name>
         <load_address>0x274c</load_address>
         <run_address>0x274c</run_address>
         <size>0x124</size>
         <input_file_ref idref="fl-f4"/>
      </object_component>
      <object_component id="oc-2e0">
         <name>.text:UART_initModule</name>
         <load_address>0x2870</load_address>
         <run_address>0x2870</run_address>
         <size>0x11c</size>
         <input_file_ref idref="fl-2b"/>
      </object_component>
      <object_component id="oc-180">
         <name>.text:KEY_Init</name>
         <load_address>0x298c</load_address>
         <run_address>0x298c</run_address>
         <size>0x110</size>
         <input_file_ref idref="fl-a"/>
      </object_component>
      <object_component id="oc-1c8">
         <name>.text:compute_ma</name>
         <load_address>0x2a9c</load_address>
         <run_address>0x2a9c</run_address>
         <size>0x110</size>
         <input_file_ref idref="fl-5"/>
      </object_component>
      <object_component id="oc-594">
         <name>.text:scalbn</name>
         <load_address>0x2bac</load_address>
         <run_address>0x2bac</run_address>
         <size>0x110</size>
         <input_file_ref idref="fl-f6"/>
      </object_component>
      <object_component id="oc-409">
         <name>.text:_CSComputeCLKFrequency</name>
         <load_address>0x2cbc</load_address>
         <run_address>0x2cbc</run_address>
         <size>0x104</size>
         <input_file_ref idref="fl-24"/>
      </object_component>
      <object_component id="oc-1ce">
         <name>.text</name>
         <load_address>0x2dc0</load_address>
         <run_address>0x2dc0</run_address>
         <size>0xfc</size>
         <input_file_ref idref="fl-e7"/>
      </object_component>
      <object_component id="oc-532">
         <name>.text:CS_getDCOFrequency</name>
         <load_address>0x2ebc</load_address>
         <run_address>0x2ebc</run_address>
         <size>0xf8</size>
         <input_file_ref idref="fl-24"/>
      </object_component>
      <object_component id="oc-117">
         <name>.text:DMA_setChannelTransfer</name>
         <load_address>0x2fb4</load_address>
         <run_address>0x2fb4</run_address>
         <size>0xf0</size>
         <input_file_ref idref="fl-25"/>
      </object_component>
      <object_component id="oc-198">
         <name>.text:OLED_Init</name>
         <load_address>0x30a4</load_address>
         <run_address>0x30a4</run_address>
         <size>0xec</size>
         <input_file_ref idref="fl-d"/>
      </object_component>
      <object_component id="oc-4c7">
         <name>.text:cBitReverse</name>
         <load_address>0x3190</load_address>
         <run_address>0x3190</run_address>
         <size>0xe8</size>
         <input_file_ref idref="fl-4"/>
      </object_component>
      <object_component id="oc-4cd">
         <name>.text:_Q10cos</name>
         <load_address>0x3278</load_address>
         <run_address>0x3278</run_address>
         <size>0xde</size>
         <input_file_ref idref="fl-10a"/>
      </object_component>
      <object_component id="oc-4d3">
         <name>.text:_Q10sin</name>
         <load_address>0x3358</load_address>
         <run_address>0x3358</run_address>
         <size>0xde</size>
         <input_file_ref idref="fl-10a"/>
      </object_component>
      <object_component id="oc-368">
         <name>.text:_Qmag</name>
         <load_address>0x3438</load_address>
         <run_address>0x3438</run_address>
         <size>0xd8</size>
         <input_file_ref idref="fl-10b"/>
      </object_component>
      <object_component id="oc-36e">
         <name>.text:_Q10atan2</name>
         <load_address>0x3510</load_address>
         <run_address>0x3510</run_address>
         <size>0xb8</size>
         <input_file_ref idref="fl-108"/>
      </object_component>
      <object_component id="oc-30e">
         <name>.text:ADC14_configureConversionMemory</name>
         <load_address>0x35c8</load_address>
         <run_address>0x35c8</run_address>
         <size>0xb4</size>
         <input_file_ref idref="fl-23"/>
      </object_component>
      <object_component id="oc-1eb">
         <name>.text:find_peakband</name>
         <load_address>0x367c</load_address>
         <run_address>0x367c</run_address>
         <size>0xb2</size>
         <input_file_ref idref="fl-5"/>
      </object_component>
      <object_component id="oc-486">
         <name>.text:_ltostr</name>
         <load_address>0x3730</load_address>
         <run_address>0x3730</run_address>
         <size>0xb1</size>
         <input_file_ref idref="fl-f4"/>
      </object_component>
      <object_component id="oc-7f">
         <name>.text:TA2_N_IRQHandler</name>
         <load_address>0x37e4</load_address>
         <run_address>0x37e4</run_address>
         <size>0xa0</size>
         <input_file_ref idref="fl-10"/>
      </object_component>
      <object_component id="oc-18c">
         <name>.text:adc_dma_init</name>
         <load_address>0x3884</load_address>
         <run_address>0x3884</run_address>
         <size>0xa0</size>
         <input_file_ref idref="fl-7"/>
      </object_component>
      <object_component id="oc-339">
         <name>.text:findmaxandmin</name>
         <load_address>0x3924</load_address>
         <run_address>0x3924</run_address>
         <size>0xa0</size>
         <input_file_ref idref="fl-5"/>
      </object_component>
      <object_component id="oc-91">
         <name>.text:DMA_INT1_IRQHandler</name>
         <load_address>0x39c4</load_address>
         <run_address>0x39c4</run_address>
         <size>0x9c</size>
         <input_file_ref idref="fl-7"/>
      </object_component>
      <object_component id="oc-46c">
         <name>.text:OLED_ClearPoint</name>
         <load_address>0x3a60</load_address>
         <run_address>0x3a60</run_address>
         <size>0x9c</size>
         <input_file_ref idref="fl-d"/>
      </object_component>
      <object_component id="oc-1f1">
         <name>.text:TimA2_Cap_Init</name>
         <load_address>0x3afc</load_address>
         <run_address>0x3afc</run_address>
         <size>0x9c</size>
         <input_file_ref idref="fl-10"/>
      </object_component>
      <object_component id="oc-37">
         <name>.text</name>
         <load_address>0x3b98</load_address>
         <run_address>0x3b98</run_address>
         <size>0x9c</size>
         <input_file_ref idref="fl-ed"/>
      </object_component>
      <object_component id="oc-562">
         <name>.text</name>
         <load_address>0x3c34</load_address>
         <run_address>0x3c34</run_address>
         <size>0x96</size>
         <input_file_ref idref="fl-f8"/>
      </object_component>
      <object_component id="oc-5fd">
         <name>.text:SysCtl_A_getTLVInfo</name>
         <load_address>0x3ccc</load_address>
         <run_address>0x3ccc</run_address>
         <size>0x94</size>
         <input_file_ref idref="fl-29"/>
      </object_component>
      <object_component id="oc-186">
         <name>.text:TimA1_Int_Init</name>
         <load_address>0x3d60</load_address>
         <run_address>0x3d60</run_address>
         <size>0x94</size>
         <input_file_ref idref="fl-10"/>
      </object_component>
      <object_component id="oc-1c2">
         <name>.text:findmaximum</name>
         <load_address>0x3df4</load_address>
         <run_address>0x3df4</run_address>
         <size>0x92</size>
         <input_file_ref idref="fl-5"/>
      </object_component>
      <object_component id="oc-2d4">
         <name>.text:GPIO_setAsPeripheralModuleFunctionInputPin</name>
         <load_address>0x3e88</load_address>
         <run_address>0x3e88</run_address>
         <size>0x88</size>
         <input_file_ref idref="fl-26"/>
      </object_component>
      <object_component id="oc-211">
         <name>.text:__aeabi_cdcmple</name>
         <load_address>0x3f10</load_address>
         <run_address>0x3f10</run_address>
         <size>0x86</size>
         <input_file_ref idref="fl-e5"/>
      </object_component>
      <object_component id="oc-20c">
         <name>.text:__aeabi_cdrcmple</name>
         <load_address>0x3f96</load_address>
         <run_address>0x3f96</run_address>
         <size>0x86</size>
         <input_file_ref idref="fl-e5"/>
      </object_component>
      <object_component id="oc-192">
         <name>.text:ADC_Config</name>
         <load_address>0x401c</load_address>
         <run_address>0x401c</run_address>
         <size>0x80</size>
         <input_file_ref idref="fl-7"/>
      </object_component>
      <object_component id="oc-2f2">
         <name>.text:Interrupt_enableInterrupt</name>
         <load_address>0x409c</load_address>
         <run_address>0x409c</run_address>
         <size>0x80</size>
         <input_file_ref idref="fl-27"/>
      </object_component>
      <object_component id="oc-1aa">
         <name>.text:OLED_Refresh</name>
         <load_address>0x411c</load_address>
         <run_address>0x411c</run_address>
         <size>0x7c</size>
         <input_file_ref idref="fl-d"/>
      </object_component>
      <object_component id="oc-603">
         <name>.text:_CSGetDOCFrequency</name>
         <load_address>0x4198</load_address>
         <run_address>0x4198</run_address>
         <size>0x7c</size>
         <input_file_ref idref="fl-24"/>
      </object_component>
      <object_component id="oc-c3">
         <name>.text</name>
         <load_address>0x4214</load_address>
         <run_address>0x4214</run_address>
         <size>0x7a</size>
         <input_file_ref idref="fl-f9"/>
      </object_component>
      <object_component id="oc-456">
         <name>.text:OLED_Send_Byte</name>
         <load_address>0x4290</load_address>
         <run_address>0x4290</run_address>
         <size>0x78</size>
         <input_file_ref idref="fl-d"/>
      </object_component>
      <object_component id="oc-e1">
         <name>.text:SystemInit</name>
         <load_address>0x4308</load_address>
         <run_address>0x4308</run_address>
         <size>0x78</size>
         <input_file_ref idref="fl-2"/>
      </object_component>
      <object_component id="oc-1b6">
         <name>.text:OLED_ShowString</name>
         <load_address>0x4380</load_address>
         <run_address>0x4380</run_address>
         <size>0x72</size>
         <input_file_ref idref="fl-d"/>
      </object_component>
      <object_component id="oc-c9">
         <name>.text:_system_pre_init</name>
         <load_address>0x43f2</load_address>
         <run_address>0x43f2</run_address>
         <size>0x4</size>
         <input_file_ref idref="fl-fb"/>
      </object_component>
      <object_component id="oc-4ea">
         <name>.text:_UQ15div</name>
         <load_address>0x43f8</load_address>
         <run_address>0x43f8</run_address>
         <size>0x6e</size>
         <input_file_ref idref="fl-109"/>
      </object_component>
      <object_component id="oc-579">
         <name>.text:_mcpy</name>
         <load_address>0x4466</load_address>
         <run_address>0x4466</run_address>
         <size>0x6e</size>
         <input_file_ref idref="fl-f4"/>
      </object_component>
      <object_component id="oc-374">
         <name>.text</name>
         <load_address>0x44d4</load_address>
         <run_address>0x44d4</run_address>
         <size>0x6e</size>
         <input_file_ref idref="fl-e9"/>
      </object_component>
      <object_component id="oc-17">
         <name>.text:decompress:lzss:__TI_decompress_lzss</name>
         <load_address>0x4542</load_address>
         <run_address>0x4542</run_address>
         <size>0x68</size>
         <input_file_ref idref="fl-f1"/>
      </object_component>
      <object_component id="oc-111">
         <name>.text:printf</name>
         <load_address>0x45ac</load_address>
         <run_address>0x45ac</run_address>
         <size>0x68</size>
         <input_file_ref idref="fl-15"/>
      </object_component>
      <object_component id="oc-58e">
         <name>.text:frexp</name>
         <load_address>0x4614</load_address>
         <run_address>0x4614</run_address>
         <size>0x64</size>
         <input_file_ref idref="fl-f5"/>
      </object_component>
      <object_component id="oc-526">
         <name>.text:_CSGetDividerValue</name>
         <load_address>0x4678</load_address>
         <run_address>0x4678</run_address>
         <size>0x62</size>
         <input_file_ref idref="fl-24"/>
      </object_component>
      <object_component id="oc-217">
         <name>.text:OLED_Clear</name>
         <load_address>0x46dc</load_address>
         <run_address>0x46dc</run_address>
         <size>0x60</size>
         <input_file_ref idref="fl-d"/>
      </object_component>
      <object_component id="oc-328">
         <name>.text:OLED_DrawPoint</name>
         <load_address>0x473c</load_address>
         <run_address>0x473c</run_address>
         <size>0x5c</size>
         <input_file_ref idref="fl-d"/>
      </object_component>
      <object_component id="oc-35b">
         <name>.text:delay_us</name>
         <load_address>0x4798</load_address>
         <run_address>0x4798</run_address>
         <size>0x58</size>
         <input_file_ref idref="fl-13"/>
      </object_component>
      <object_component id="oc-17a">
         <name>.text:uart_init</name>
         <load_address>0x47f0</load_address>
         <run_address>0x47f0</run_address>
         <size>0x58</size>
         <input_file_ref idref="fl-15"/>
      </object_component>
      <object_component id="oc-492">
         <name>.text:_pconv_f</name>
         <load_address>0x4848</load_address>
         <run_address>0x4848</run_address>
         <size>0x56</size>
         <input_file_ref idref="fl-f4"/>
      </object_component>
      <object_component id="oc-97">
         <name>.text:PORT1_IRQHandler</name>
         <load_address>0x48a0</load_address>
         <run_address>0x48a0</run_address>
         <size>0x54</size>
         <input_file_ref idref="fl-a"/>
      </object_component>
      <object_component id="oc-9d">
         <name>.text:PORT3_IRQHandler</name>
         <load_address>0x48f4</load_address>
         <run_address>0x48f4</run_address>
         <size>0x54</size>
         <input_file_ref idref="fl-a"/>
      </object_component>
      <object_component id="oc-16e">
         <name>.text:SysInit</name>
         <load_address>0x4948</load_address>
         <run_address>0x4948</run_address>
         <size>0x54</size>
         <input_file_ref idref="fl-14"/>
      </object_component>
      <object_component id="oc-56d">
         <name>.text:__TI_ltoa</name>
         <load_address>0x499c</load_address>
         <run_address>0x499c</run_address>
         <size>0x54</size>
         <input_file_ref idref="fl-ff"/>
      </object_component>
      <object_component id="oc-573">
         <name>.text:_ecpy</name>
         <load_address>0x49f0</load_address>
         <run_address>0x49f0</run_address>
         <size>0x52</size>
         <input_file_ref idref="fl-f4"/>
      </object_component>
      <object_component id="oc-480">
         <name>.text:atoi</name>
         <load_address>0x4a44</load_address>
         <run_address>0x4a44</run_address>
         <size>0x4c</size>
         <input_file_ref idref="fl-101"/>
      </object_component>
      <object_component id="oc-568">
         <name>.text</name>
         <load_address>0x4a90</load_address>
         <run_address>0x4a90</run_address>
         <size>0x48</size>
         <input_file_ref idref="fl-e8"/>
      </object_component>
      <object_component id="oc-234">
         <name>.text:__TI_auto_init_nobinit_nopinit:__TI_auto_init_nobinit_nopinit</name>
         <load_address>0x4ad8</load_address>
         <run_address>0x4ad8</run_address>
         <size>0x44</size>
         <input_file_ref idref="fl-fa"/>
      </object_component>
      <object_component id="oc-207">
         <name>.text</name>
         <load_address>0x4b1c</load_address>
         <run_address>0x4b1c</run_address>
         <size>0x44</size>
         <input_file_ref idref="fl-ea"/>
      </object_component>
      <object_component id="oc-31b">
         <name>.text:OLED_WR_Byte</name>
         <load_address>0x4b60</load_address>
         <run_address>0x4b60</run_address>
         <size>0x42</size>
         <input_file_ref idref="fl-d"/>
      </object_component>
      <object_component id="oc-a3">
         <name>.text:PORT6_IRQHandler</name>
         <load_address>0x4ba4</load_address>
         <run_address>0x4ba4</run_address>
         <size>0x40</size>
         <input_file_ref idref="fl-a"/>
      </object_component>
      <object_component id="oc-1bc">
         <name>.text:adc_restart</name>
         <load_address>0x4be4</load_address>
         <run_address>0x4be4</run_address>
         <size>0x40</size>
         <input_file_ref idref="fl-7"/>
      </object_component>
      <object_component id="oc-130">
         <name>.text:key_delay</name>
         <load_address>0x4c24</load_address>
         <run_address>0x4c24</run_address>
         <size>0x40</size>
         <input_file_ref idref="fl-a"/>
      </object_component>
      <object_component id="oc-1d9">
         <name>.text:sprintf</name>
         <load_address>0x4c64</load_address>
         <run_address>0x4c64</run_address>
         <size>0x40</size>
         <input_file_ref idref="fl-e2"/>
      </object_component>
      <object_component id="oc-586">
         <name>.text:_fcpy</name>
         <load_address>0x4ca4</load_address>
         <run_address>0x4ca4</run_address>
         <size>0x3e</size>
         <input_file_ref idref="fl-f4"/>
      </object_component>
      <object_component id="oc-1a4">
         <name>.text:OLED_DisplayTurn</name>
         <load_address>0x4ce2</load_address>
         <run_address>0x4ce2</run_address>
         <size>0x36</size>
         <input_file_ref idref="fl-d"/>
      </object_component>
      <object_component id="oc-2a3">
         <name>.text:UART_transmitData</name>
         <load_address>0x4d18</load_address>
         <run_address>0x4d18</run_address>
         <size>0x34</size>
         <input_file_ref idref="fl-2b"/>
      </object_component>
      <object_component id="oc-55">
         <name>.text:_c_int00_noargs:_c_int00_noargs</name>
         <load_address>0x4d4c</load_address>
         <run_address>0x4d4c</run_address>
         <size>0x34</size>
         <input_file_ref idref="fl-f3"/>
      </object_component>
      <object_component id="oc-105">
         <name>.text:ADC14_clearInterruptFlag</name>
         <load_address>0x4d80</load_address>
         <run_address>0x4d80</run_address>
         <size>0x30</size>
         <input_file_ref idref="fl-23"/>
      </object_component>
      <object_component id="oc-52c">
         <name>.text:CS_clearInterruptFlag</name>
         <load_address>0x4db0</load_address>
         <run_address>0x4db0</run_address>
         <size>0x30</size>
         <input_file_ref idref="fl-24"/>
      </object_component>
      <object_component id="oc-450">
         <name>.text:OLED_I2C_Start</name>
         <load_address>0x4de0</load_address>
         <run_address>0x4de0</run_address>
         <size>0x30</size>
         <input_file_ref idref="fl-d"/>
      </object_component>
      <object_component id="oc-2ec">
         <name>.text:UART_enableInterrupt</name>
         <load_address>0x4e10</load_address>
         <run_address>0x4e10</run_address>
         <size>0x30</size>
         <input_file_ref idref="fl-2b"/>
      </object_component>
      <object_component id="oc-33f">
         <name>.text</name>
         <load_address>0x4e40</load_address>
         <run_address>0x4e40</run_address>
         <size>0x2e</size>
         <input_file_ref idref="fl-ec"/>
      </object_component>
      <object_component id="oc-13c">
         <name>.text:Usr_Key2_Callback</name>
         <load_address>0x4e70</load_address>
         <run_address>0x4e70</run_address>
         <size>0x2c</size>
         <input_file_ref idref="fl-a"/>
      </object_component>
      <object_component id="oc-419">
         <name>.text:CS_getACLK</name>
         <load_address>0x4e9c</load_address>
         <run_address>0x4e9c</run_address>
         <size>0x28</size>
         <input_file_ref idref="fl-24"/>
      </object_component>
      <object_component id="oc-2ca">
         <name>.text:CS_getMCLK</name>
         <load_address>0x4ec4</load_address>
         <run_address>0x4ec4</run_address>
         <size>0x28</size>
         <input_file_ref idref="fl-24"/>
      </object_component>
      <object_component id="oc-413">
         <name>.text:CS_getSMCLK</name>
         <load_address>0x4eec</load_address>
         <run_address>0x4eec</run_address>
         <size>0x28</size>
         <input_file_ref idref="fl-24"/>
      </object_component>
      <object_component id="oc-2be">
         <name>.text:GPIO_setOutputHighOnPin</name>
         <load_address>0x4f14</load_address>
         <run_address>0x4f14</run_address>
         <size>0x28</size>
         <input_file_ref idref="fl-26"/>
      </object_component>
      <object_component id="oc-136">
         <name>.text:Usr_Key1_Callback</name>
         <load_address>0x4f3c</load_address>
         <run_address>0x4f3c</run_address>
         <size>0x28</size>
         <input_file_ref idref="fl-a"/>
      </object_component>
      <object_component id="oc-174">
         <name>.text:delay_init</name>
         <load_address>0x4f64</load_address>
         <run_address>0x4f64</run_address>
         <size>0x28</size>
         <input_file_ref idref="fl-13"/>
      </object_component>
      <object_component id="oc-297">
         <name>.text:vsprintf</name>
         <load_address>0x4f8c</load_address>
         <run_address>0x4f8c</run_address>
         <size>0x28</size>
         <input_file_ref idref="fl-e3"/>
      </object_component>
      <object_component id="oc-19e">
         <name>.text:OLED_ColorTurn</name>
         <load_address>0x4fb4</load_address>
         <run_address>0x4fb4</run_address>
         <size>0x26</size>
         <input_file_ref idref="fl-d"/>
      </object_component>
      <object_component id="oc-41f">
         <name>.text:bitPosition</name>
         <load_address>0x4fda</load_address>
         <run_address>0x4fda</run_address>
         <size>0x26</size>
         <input_file_ref idref="fl-12"/>
      </object_component>
      <object_component id="oc-315">
         <name>.text:OLED_I2C_SW_Configuration</name>
         <load_address>0x5000</load_address>
         <run_address>0x5000</run_address>
         <size>0x24</size>
         <input_file_ref idref="fl-d"/>
      </object_component>
      <object_component id="oc-462">
         <name>.text:OLED_I2C_Stop</name>
         <load_address>0x5024</load_address>
         <run_address>0x5024</run_address>
         <size>0x24</size>
         <input_file_ref idref="fl-d"/>
      </object_component>
      <object_component id="oc-45c">
         <name>.text:OLED_I2C_WaitAck</name>
         <load_address>0x5048</load_address>
         <run_address>0x5048</run_address>
         <size>0x24</size>
         <input_file_ref idref="fl-d"/>
      </object_component>
      <object_component id="oc-143">
         <name>.text:Usr_Key3_Callback</name>
         <load_address>0x506c</load_address>
         <run_address>0x506c</run_address>
         <size>0x24</size>
         <input_file_ref idref="fl-a"/>
      </object_component>
      <object_component id="oc-149">
         <name>.text:Usr_Key4_Callback</name>
         <load_address>0x5090</load_address>
         <run_address>0x5090</run_address>
         <size>0x24</size>
         <input_file_ref idref="fl-a"/>
      </object_component>
      <object_component id="oc-150">
         <name>.text:Usr_Key5_Callback</name>
         <load_address>0x50b4</load_address>
         <run_address>0x50b4</run_address>
         <size>0x24</size>
         <input_file_ref idref="fl-a"/>
      </object_component>
      <object_component id="oc-eb">
         <name>.text:Timer_A_getCaptureCompareCount</name>
         <load_address>0x50d8</load_address>
         <run_address>0x50d8</run_address>
         <size>0x22</size>
         <input_file_ref idref="fl-2a"/>
      </object_component>
      <object_component id="oc-1fd">
         <name>.text</name>
         <load_address>0x50fa</load_address>
         <run_address>0x50fa</run_address>
         <size>0x20</size>
         <input_file_ref idref="fl-ee"/>
      </object_component>
      <object_component id="oc-1df">
         <name>.text:delay_ms</name>
         <load_address>0x511a</load_address>
         <run_address>0x511a</run_address>
         <size>0x1e</size>
         <input_file_ref idref="fl-13"/>
      </object_component>
      <object_component id="oc-10b">
         <name>.text:DMA_clearInterruptFlag</name>
         <load_address>0x5138</load_address>
         <run_address>0x5138</run_address>
         <size>0x1c</size>
         <input_file_ref idref="fl-25"/>
      </object_component>
      <object_component id="oc-11d">
         <name>.text:DMA_enableChannel</name>
         <load_address>0x5154</load_address>
         <run_address>0x5154</run_address>
         <size>0x1c</size>
         <input_file_ref idref="fl-25"/>
      </object_component>
      <object_component id="oc-79">
         <name>.text:TA1_0_IRQHandler</name>
         <load_address>0x5170</load_address>
         <run_address>0x5170</run_address>
         <size>0x1c</size>
         <input_file_ref idref="fl-10"/>
      </object_component>
      <object_component id="oc-4a4">
         <name>.text:memccpy</name>
         <load_address>0x518c</load_address>
         <run_address>0x518c</run_address>
         <size>0x1c</size>
         <input_file_ref idref="fl-103"/>
      </object_component>
      <object_component id="oc-628">
         <name>.text:copysign</name>
         <load_address>0x51a8</load_address>
         <run_address>0x51a8</run_address>
         <size>0x1a</size>
         <input_file_ref idref="fl-106"/>
      </object_component>
      <object_component id="oc-85">
         <name>.text:T32_INT1_IRQHandler</name>
         <load_address>0x51c4</load_address>
         <run_address>0x51c4</run_address>
         <size>0x18</size>
         <input_file_ref idref="fl-f"/>
      </object_component>
      <object_component id="oc-8b">
         <name>.text:T32_INT2_IRQHandler</name>
         <load_address>0x51dc</load_address>
         <run_address>0x51dc</run_address>
         <size>0x18</size>
         <input_file_ref idref="fl-f"/>
      </object_component>
      <object_component id="oc-34d">
         <name>.text:_outs</name>
         <load_address>0x51f4</load_address>
         <run_address>0x51f4</run_address>
         <size>0x18</size>
         <input_file_ref idref="fl-e2"/>
      </object_component>
      <object_component id="oc-3c2">
         <name>.text:_outs</name>
         <load_address>0x520c</load_address>
         <run_address>0x520c</run_address>
         <size>0x18</size>
         <input_file_ref idref="fl-e3"/>
      </object_component>
      <object_component id="oc-123">
         <name>.text:Timer_A_clearInterruptFlag</name>
         <load_address>0x5224</load_address>
         <run_address>0x5224</run_address>
         <size>0x16</size>
         <input_file_ref idref="fl-2a"/>
      </object_component>
      <object_component id="oc-2e6">
         <name>.text:UART_enableModule</name>
         <load_address>0x523a</load_address>
         <run_address>0x523a</run_address>
         <size>0x16</size>
         <input_file_ref idref="fl-2b"/>
      </object_component>
      <object_component id="oc-59a">
         <name>.text:strchr</name>
         <load_address>0x5250</load_address>
         <run_address>0x5250</run_address>
         <size>0x16</size>
         <input_file_ref idref="fl-104"/>
      </object_component>
      <object_component id="oc-f1">
         <name>.text:Timer_A_stopTimer</name>
         <load_address>0x5266</load_address>
         <run_address>0x5266</run_address>
         <size>0x14</size>
         <input_file_ref idref="fl-2a"/>
      </object_component>
      <object_component id="oc-29d">
         <name>.text:strlen</name>
         <load_address>0x527a</load_address>
         <run_address>0x527a</run_address>
         <size>0x14</size>
         <input_file_ref idref="fl-f2"/>
      </object_component>
      <object_component id="oc-4aa">
         <name>.text:wcslen</name>
         <load_address>0x528e</load_address>
         <run_address>0x528e</run_address>
         <size>0x12</size>
         <input_file_ref idref="fl-f7"/>
      </object_component>
      <object_component id="oc-43e">
         <name>.text:ADCIsConversionRunning</name>
         <load_address>0x52a0</load_address>
         <run_address>0x52a0</run_address>
         <size>0x10</size>
         <input_file_ref idref="fl-23"/>
      </object_component>
      <object_component id="oc-2f8">
         <name>.text:Interrupt_enableMaster</name>
         <load_address>0x52b0</load_address>
         <run_address>0x52b0</run_address>
         <size>0x10</size>
         <input_file_ref idref="fl-27"/>
      </object_component>
      <object_component id="oc-1d">
         <name>.text:decompress:none:__TI_decompress_none</name>
         <load_address>0x52c0</load_address>
         <run_address>0x52c0</run_address>
         <size>0xe</size>
         <input_file_ref idref="fl-f0"/>
      </object_component>
      <object_component id="oc-42f">
         <name>.text:CPU_cpsie</name>
         <load_address>0x52ce</load_address>
         <run_address>0x52ce</run_address>
         <size>0xc</size>
         <input_file_ref idref="fl-2c"/>
      </object_component>
      <object_component id="oc-67">
         <name>.text:Reset_Handler</name>
         <load_address>0x52da</load_address>
         <run_address>0x52da</run_address>
         <size>0xc</size>
         <input_file_ref idref="fl-3"/>
      </object_component>
      <object_component id="oc-49">
         <name>.text:decompress:ZI:__TI_zero_init</name>
         <load_address>0x52e6</load_address>
         <run_address>0x52e6</run_address>
         <size>0xc</size>
         <input_file_ref idref="fl-ef"/>
      </object_component>
      <object_component id="oc-228">
         <name>.text:abort:abort</name>
         <load_address>0x52f2</load_address>
         <run_address>0x52f2</run_address>
         <size>0x4</size>
         <input_file_ref idref="fl-fd"/>
      </object_component>
      <object_component id="oc-4d9">
         <name>.text:_Q10mpy</name>
         <load_address>0x52f8</load_address>
         <run_address>0x52f8</run_address>
         <size>0xa</size>
         <input_file_ref idref="fl-10d"/>
      </object_component>
      <object_component id="oc-353">
         <name>.text:_outc</name>
         <load_address>0x5302</load_address>
         <run_address>0x5302</run_address>
         <size>0xa</size>
         <input_file_ref idref="fl-e2"/>
      </object_component>
      <object_component id="oc-3c8">
         <name>.text:_outc</name>
         <load_address>0x530c</load_address>
         <run_address>0x530c</run_address>
         <size>0xa</size>
         <input_file_ref idref="fl-e3"/>
      </object_component>
      <object_component id="oc-4b0">
         <name>.text:__aeabi_errno_addr</name>
         <load_address>0x5318</load_address>
         <run_address>0x5318</run_address>
         <size>0x8</size>
         <input_file_ref idref="fl-105"/>
      </object_component>
      <object_component id="oc-478">
         <name>.const:asc2_2412</name>
         <load_address>0x5320</load_address>
         <run_address>0x5320</run_address>
         <size>0xd5c</size>
         <input_file_ref idref="fl-d"/>
      </object_component>
      <object_component id="oc-475">
         <name>.const:asc2_1608</name>
         <load_address>0x607c</load_address>
         <run_address>0x607c</run_address>
         <size>0x5f0</size>
         <input_file_ref idref="fl-d"/>
      </object_component>
      <object_component id="oc-472">
         <name>.const:asc2_1206</name>
         <load_address>0x666c</load_address>
         <run_address>0x666c</run_address>
         <size>0x474</size>
         <input_file_ref idref="fl-d"/>
      </object_component>
      <object_component id="oc-5e1">
         <name>.const:_Q16div_coeffs</name>
         <load_address>0x6ae0</load_address>
         <run_address>0x6ae0</run_address>
         <size>0x200</size>
         <input_file_ref idref="fl-10c"/>
      </object_component>
      <object_component id="oc-4e0">
         <name>.const:_Q16sqrt_coeffs</name>
         <load_address>0x6ce0</load_address>
         <run_address>0x6ce0</run_address>
         <size>0x180</size>
         <input_file_ref idref="fl-10c"/>
      </object_component>
      <object_component id="oc-4f0">
         <name>.const:_Q16atan_coeffs</name>
         <load_address>0x6e60</load_address>
         <run_address>0x6e60</run_address>
         <size>0x108</size>
         <input_file_ref idref="fl-10c"/>
      </object_component>
      <object_component id="oc-55d">
         <name>.const:.string:_ctypes_</name>
         <load_address>0x6f68</load_address>
         <run_address>0x6f68</run_address>
         <size>0x101</size>
         <input_file_ref idref="fl-102"/>
      </object_component>
      <object_component id="oc-5c0">
         <name>.const:.string:ui8BitRevLUT</name>
         <load_address>0x7069</load_address>
         <run_address>0x7069</run_address>
         <size>0x100</size>
         <input_file_ref idref="fl-4"/>
      </object_component>
      <object_component id="oc-44a">
         <name>.const:_ctlRegs</name>
         <load_address>0x716c</load_address>
         <run_address>0x716c</run_address>
         <size>0x80</size>
         <input_file_ref idref="fl-23"/>
      </object_component>
      <object_component id="oc-5c4">
         <name>.const:_QNCosLookup</name>
         <load_address>0x71ec</load_address>
         <run_address>0x71ec</run_address>
         <size>0x6c</size>
         <input_file_ref idref="fl-10c"/>
      </object_component>
      <object_component id="oc-5c7">
         <name>.const:_QNSinLookup</name>
         <load_address>0x7258</load_address>
         <run_address>0x7258</run_address>
         <size>0x6c</size>
         <input_file_ref idref="fl-10c"/>
      </object_component>
      <object_component id="oc-5ca">
         <name>.const:_QNCos2Lookup</name>
         <load_address>0x72c4</load_address>
         <run_address>0x72c4</run_address>
         <size>0x40</size>
         <input_file_ref idref="fl-10c"/>
      </object_component>
      <object_component id="oc-403">
         <name>.const:GPIO_PORT_TO_BASE</name>
         <load_address>0x7304</load_address>
         <run_address>0x7304</run_address>
         <size>0x30</size>
         <input_file_ref idref="fl-26"/>
      </object_component>
      <object_component id="oc-2fe">
         <name>.const:$P$T0$1</name>
         <load_address>0x7334</load_address>
         <run_address>0x7334</run_address>
         <size>0x28</size>
         <input_file_ref idref="fl-15"/>
      </object_component>
      <object_component id="oc-384">
         <name>.const:$P$T1$2</name>
         <load_address>0x735c</load_address>
         <run_address>0x735c</run_address>
         <size>0x18</size>
         <input_file_ref idref="fl-10"/>
      </object_component>
      <object_component id="oc-303">
         <name>.const:$P$T2$4</name>
         <load_address>0x7374</load_address>
         <run_address>0x7374</run_address>
         <size>0x18</size>
         <input_file_ref idref="fl-10"/>
      </object_component>
      <object_component id="oc-381">
         <name>.const:$P$T0$1</name>
         <load_address>0x738c</load_address>
         <run_address>0x738c</run_address>
         <size>0x10</size>
         <input_file_ref idref="fl-10"/>
      </object_component>
      <object_component id="oc-306">
         <name>.const:$P$T3$5</name>
         <load_address>0x739c</load_address>
         <run_address>0x739c</run_address>
         <size>0x10</size>
         <input_file_ref idref="fl-10"/>
      </object_component>
      <object_component id="oc-42b">
         <name>.const:g_pulEnRegs</name>
         <load_address>0x73ac</load_address>
         <run_address>0x73ac</run_address>
         <size>0x8</size>
         <input_file_ref idref="fl-27"/>
      </object_component>
      <object_component id="oc-6a4">
         <name>.cinit..data.load</name>
         <load_address>0x73b8</load_address>
         <run_address>0x73b8</run_address>
         <size>0x1b</size>
      </object_component>
      <object_component id="oc-6a2">
         <name>__TI_handler_table</name>
         <load_address>0x73d4</load_address>
         <run_address>0x73d4</run_address>
         <size>0xc</size>
      </object_component>
      <object_component id="oc-6a5">
         <name>.cinit..bss.load</name>
         <load_address>0x73e0</load_address>
         <run_address>0x73e0</run_address>
         <size>0x8</size>
      </object_component>
      <object_component id="oc-6a3">
         <name>__TI_cinit_table</name>
         <load_address>0x73e8</load_address>
         <run_address>0x73e8</run_address>
         <size>0x10</size>
      </object_component>
      <object_component id="oc-676">
         <name>.binit</name>
         <load_address>0x0</load_address>
         <run_address>0x0</run_address>
         <size>0x0</size>
      </object_component>
      <object_component id="oc-129">
         <name>.data</name>
         <load_address>0x20002528</load_address>
         <run_address>0x20002528</run_address>
         <size>0x3</size>
         <input_file_ref idref="fl-7"/>
      </object_component>
      <object_component id="oc-12c">
         <name>.data:g_u16ADCbuff</name>
         <load_address>0x20001d00</load_address>
         <run_address>0x20001d00</run_address>
         <size>0x800</size>
         <input_file_ref idref="fl-7"/>
      </object_component>
      <object_component id="oc-f7">
         <name>.data</name>
         <load_address>0x20002524</load_address>
         <run_address>0x20002524</run_address>
         <size>0x4</size>
         <input_file_ref idref="fl-10"/>
      </object_component>
      <object_component id="oc-2d0">
         <name>.data</name>
         <load_address>0x2000252b</load_address>
         <run_address>0x2000252b</run_address>
         <size>0x1</size>
         <input_file_ref idref="fl-13"/>
      </object_component>
      <object_component id="oc-1f7">
         <name>.data</name>
         <load_address>0x20002500</load_address>
         <run_address>0x20002500</run_address>
         <size>0x20</size>
         <input_file_ref idref="fl-16"/>
      </object_component>
      <object_component id="oc-5aa">
         <name>.data</name>
         <load_address>0x20002520</load_address>
         <run_address>0x20002520</run_address>
         <size>0x4</size>
         <input_file_ref idref="fl-105"/>
      </object_component>
      <object_component id="oc-30a">
         <name>.bss:MSP_EXP432P401RLP_DMAControlTable</name>
         <uninitialized>true</uninitialized>
         <run_address>0x20001800</run_address>
         <size>0x200</size>
         <input_file_ref idref="fl-7"/>
      </object_component>
      <object_component id="oc-538">
         <name>.bss</name>
         <uninitialized>true</uninitialized>
         <run_address>0x200017ec</run_address>
         <size>0x8</size>
         <input_file_ref idref="fl-24"/>
      </object_component>
      <object_component id="oc-379">
         <name>.common:fftdata</name>
         <uninitialized>true</uninitialized>
         <run_address>0x20001a00</run_address>
         <size>0x200</size>
      </object_component>
      <object_component id="oc-37c">
         <name>.common:qInput</name>
         <uninitialized>true</uninitialized>
         <run_address>0x20001080</run_address>
         <size>0x400</size>
      </object_component>
      <object_component id="oc-37d">
         <name>.common:qMag</name>
         <uninitialized>true</uninitialized>
         <run_address>0x200016d8</run_address>
         <size>0x100</size>
      </object_component>
      <object_component id="oc-37e">
         <name>.common:qPhase</name>
         <uninitialized>true</uninitialized>
         <run_address>0x20001c00</run_address>
         <size>0x100</size>
      </object_component>
      <object_component id="oc-324">
         <name>.common:OLED_GRAM</name>
         <uninitialized>true</uninitialized>
         <run_address>0x20000800</run_address>
         <size>0x480</size>
      </object_component>
      <object_component id="oc-fa">
         <name>.common:TIM2capdata</name>
         <uninitialized>true</uninitialized>
         <run_address>0x200017d8</run_address>
         <size>0x14</size>
      </object_component>
      <object_component id="oc-2a9">
         <name>.common:USART0_TX_BUF</name>
         <uninitialized>true</uninitialized>
         <run_address>0x20001480</run_address>
         <size>0x258</size>
      </object_component>
      <object_component id="oc-216">
         <name>.common:myfftoyutdata</name>
         <uninitialized>true</uninitialized>
         <run_address>0x20000c80</run_address>
         <size>0x400</size>
      </object_component>
      <object_component id="oc-1fa">
         <name>.common:envbatchdata</name>
         <uninitialized>true</uninitialized>
         <run_address>0x20000000</run_address>
         <size>0x800</size>
      </object_component>
      <object_component id="oc-29">
         <name>.stack</name>
         <uninitialized>true</uninitialized>
         <run_address>0x2000fe00</run_address>
         <size>0x4</size>
         <input_file_ref idref="fl-f3"/>
      </object_component>
      <object_component id="oc-6a7">
         <name>.stack</name>
         <uninitialized>true</uninitialized>
         <run_address>0x2000fe00</run_address>
         <size>0x0</size>
      </object_component>
      <object_component id="oc-2c8">
         <name>.debug_info</name>
         <load_address>0x0</load_address>
         <run_address>0x0</run_address>
         <size>0x52b</size>
         <input_file_ref idref="fl-2"/>
      </object_component>
      <object_component id="oc-e2">
         <name>.debug_info</name>
         <load_address>0x52b</load_address>
         <run_address>0x52b</run_address>
         <size>0x121</size>
         <input_file_ref idref="fl-2"/>
      </object_component>
      <object_component id="oc-38c">
         <name>.debug_info</name>
         <load_address>0x64c</load_address>
         <run_address>0x64c</run_address>
         <size>0x37e2</size>
         <input_file_ref idref="fl-2"/>
      </object_component>
      <object_component id="oc-27c">
         <name>.debug_info</name>
         <load_address>0x3e2e</load_address>
         <run_address>0x3e2e</run_address>
         <size>0x1028</size>
         <input_file_ref idref="fl-2"/>
      </object_component>
      <object_component id="oc-159">
         <name>.debug_info</name>
         <load_address>0x4e56</load_address>
         <run_address>0x4e56</run_address>
         <size>0x26b</size>
         <input_file_ref idref="fl-2"/>
      </object_component>
      <object_component id="oc-32">
         <name>.debug_info</name>
         <load_address>0x50c1</load_address>
         <run_address>0x50c1</run_address>
         <size>0x84</size>
         <input_file_ref idref="fl-2"/>
      </object_component>
      <object_component id="oc-290">
         <name>.debug_info</name>
         <load_address>0x5145</load_address>
         <run_address>0x5145</run_address>
         <size>0x2a4</size>
         <input_file_ref idref="fl-2"/>
      </object_component>
      <object_component id="oc-28b">
         <name>.debug_info</name>
         <load_address>0x53e9</load_address>
         <run_address>0x53e9</run_address>
         <size>0xef</size>
         <input_file_ref idref="fl-2"/>
      </object_component>
      <object_component id="oc-fe">
         <name>.debug_info</name>
         <load_address>0x54d8</load_address>
         <run_address>0x54d8</run_address>
         <size>0xbb</size>
         <input_file_ref idref="fl-2"/>
      </object_component>
      <object_component id="oc-ab">
         <name>.debug_info</name>
         <load_address>0x5593</load_address>
         <run_address>0x5593</run_address>
         <size>0x2c1</size>
         <input_file_ref idref="fl-3"/>
      </object_component>
      <object_component id="oc-27">
         <name>.debug_info</name>
         <load_address>0x5854</load_address>
         <run_address>0x5854</run_address>
         <size>0xed</size>
         <input_file_ref idref="fl-3"/>
      </object_component>
      <object_component id="oc-6b">
         <name>.debug_info</name>
         <load_address>0x5941</load_address>
         <run_address>0x5941</run_address>
         <size>0x150</size>
         <input_file_ref idref="fl-3"/>
      </object_component>
      <object_component id="oc-70">
         <name>.debug_info</name>
         <load_address>0x5a91</load_address>
         <run_address>0x5a91</run_address>
         <size>0x138</size>
         <input_file_ref idref="fl-3"/>
      </object_component>
      <object_component id="oc-37a">
         <name>.debug_info</name>
         <load_address>0x5bc9</load_address>
         <run_address>0x5bc9</run_address>
         <size>0x682</size>
         <input_file_ref idref="fl-4"/>
      </object_component>
      <object_component id="oc-5c1">
         <name>.debug_info</name>
         <load_address>0x624b</load_address>
         <run_address>0x624b</run_address>
         <size>0xd1</size>
         <input_file_ref idref="fl-4"/>
      </object_component>
      <object_component id="oc-363">
         <name>.debug_info</name>
         <load_address>0x631c</load_address>
         <run_address>0x631c</run_address>
         <size>0x255</size>
         <input_file_ref idref="fl-4"/>
      </object_component>
      <object_component id="oc-4c8">
         <name>.debug_info</name>
         <load_address>0x6571</load_address>
         <run_address>0x6571</run_address>
         <size>0x185</size>
         <input_file_ref idref="fl-4"/>
      </object_component>
      <object_component id="oc-391">
         <name>.debug_info</name>
         <load_address>0x66f6</load_address>
         <run_address>0x66f6</run_address>
         <size>0xef</size>
         <input_file_ref idref="fl-4"/>
      </object_component>
      <object_component id="oc-3df">
         <name>.debug_info</name>
         <load_address>0x67e5</load_address>
         <run_address>0x67e5</run_address>
         <size>0xcc</size>
         <input_file_ref idref="fl-4"/>
      </object_component>
      <object_component id="oc-2ad">
         <name>.debug_info</name>
         <load_address>0x68b1</load_address>
         <run_address>0x68b1</run_address>
         <size>0x2c</size>
         <input_file_ref idref="fl-4"/>
      </object_component>
      <object_component id="oc-338">
         <name>.debug_info</name>
         <load_address>0x68dd</load_address>
         <run_address>0x68dd</run_address>
         <size>0x601</size>
         <input_file_ref idref="fl-5"/>
      </object_component>
      <object_component id="oc-1ec">
         <name>.debug_info</name>
         <load_address>0x6ede</load_address>
         <run_address>0x6ede</run_address>
         <size>0x24d</size>
         <input_file_ref idref="fl-5"/>
      </object_component>
      <object_component id="oc-1c9">
         <name>.debug_info</name>
         <load_address>0x712b</load_address>
         <run_address>0x712b</run_address>
         <size>0x249</size>
         <input_file_ref idref="fl-5"/>
      </object_component>
      <object_component id="oc-33a">
         <name>.debug_info</name>
         <load_address>0x7374</load_address>
         <run_address>0x7374</run_address>
         <size>0x1fb</size>
         <input_file_ref idref="fl-5"/>
      </object_component>
      <object_component id="oc-1c3">
         <name>.debug_info</name>
         <load_address>0x756f</load_address>
         <run_address>0x756f</run_address>
         <size>0x1be</size>
         <input_file_ref idref="fl-5"/>
      </object_component>
      <object_component id="oc-3fc">
         <name>.debug_info</name>
         <load_address>0x772d</load_address>
         <run_address>0x772d</run_address>
         <size>0x8a</size>
         <input_file_ref idref="fl-5"/>
      </object_component>
      <object_component id="oc-281">
         <name>.debug_info</name>
         <load_address>0x77b7</load_address>
         <run_address>0x77b7</run_address>
         <size>0x341</size>
         <input_file_ref idref="fl-5"/>
      </object_component>
      <object_component id="oc-3da">
         <name>.debug_info</name>
         <load_address>0x7af8</load_address>
         <run_address>0x7af8</run_address>
         <size>0x102</size>
         <input_file_ref idref="fl-5"/>
      </object_component>
      <object_component id="oc-286">
         <name>.debug_info</name>
         <load_address>0x7bfa</load_address>
         <run_address>0x7bfa</run_address>
         <size>0x35</size>
         <input_file_ref idref="fl-5"/>
      </object_component>
      <object_component id="oc-2b8">
         <name>.debug_info</name>
         <load_address>0x7c2f</load_address>
         <run_address>0x7c2f</run_address>
         <size>0x7ac</size>
         <input_file_ref idref="fl-7"/>
      </object_component>
      <object_component id="oc-12a">
         <name>.debug_info</name>
         <load_address>0x83db</load_address>
         <run_address>0x83db</run_address>
         <size>0x10b</size>
         <input_file_ref idref="fl-7"/>
      </object_component>
      <object_component id="oc-12d">
         <name>.debug_info</name>
         <load_address>0x84e6</load_address>
         <run_address>0x84e6</run_address>
         <size>0xd6</size>
         <input_file_ref idref="fl-7"/>
      </object_component>
      <object_component id="oc-30b">
         <name>.debug_info</name>
         <load_address>0x85bc</load_address>
         <run_address>0x85bc</run_address>
         <size>0xff</size>
         <input_file_ref idref="fl-7"/>
      </object_component>
      <object_component id="oc-1bf">
         <name>.debug_info</name>
         <load_address>0x86bb</load_address>
         <run_address>0x86bb</run_address>
         <size>0x14a</size>
         <input_file_ref idref="fl-7"/>
      </object_component>
      <object_component id="oc-18f">
         <name>.debug_info</name>
         <load_address>0x8805</load_address>
         <run_address>0x8805</run_address>
         <size>0x18b</size>
         <input_file_ref idref="fl-7"/>
      </object_component>
      <object_component id="oc-93">
         <name>.debug_info</name>
         <load_address>0x8990</load_address>
         <run_address>0x8990</run_address>
         <size>0x20c</size>
         <input_file_ref idref="fl-7"/>
      </object_component>
      <object_component id="oc-194">
         <name>.debug_info</name>
         <load_address>0x8b9c</load_address>
         <run_address>0x8b9c</run_address>
         <size>0x172</size>
         <input_file_ref idref="fl-7"/>
      </object_component>
      <object_component id="oc-223">
         <name>.debug_info</name>
         <load_address>0x8d0e</load_address>
         <run_address>0x8d0e</run_address>
         <size>0x8b</size>
         <input_file_ref idref="fl-7"/>
      </object_component>
      <object_component id="oc-2bc">
         <name>.debug_info</name>
         <load_address>0x8d99</load_address>
         <run_address>0x8d99</run_address>
         <size>0x662</size>
         <input_file_ref idref="fl-a"/>
      </object_component>
      <object_component id="oc-181">
         <name>.debug_info</name>
         <load_address>0x93fb</load_address>
         <run_address>0x93fb</run_address>
         <size>0x1a9</size>
         <input_file_ref idref="fl-a"/>
      </object_component>
      <object_component id="oc-98">
         <name>.debug_info</name>
         <load_address>0x95a4</load_address>
         <run_address>0x95a4</run_address>
         <size>0x17c</size>
         <input_file_ref idref="fl-a"/>
      </object_component>
      <object_component id="oc-131">
         <name>.debug_info</name>
         <load_address>0x9720</load_address>
         <run_address>0x9720</run_address>
         <size>0x12c</size>
         <input_file_ref idref="fl-a"/>
      </object_component>
      <object_component id="oc-9e">
         <name>.debug_info</name>
         <load_address>0x984c</load_address>
         <run_address>0x984c</run_address>
         <size>0x17c</size>
         <input_file_ref idref="fl-a"/>
      </object_component>
      <object_component id="oc-a4">
         <name>.debug_info</name>
         <load_address>0x99c8</load_address>
         <run_address>0x99c8</run_address>
         <size>0x164</size>
         <input_file_ref idref="fl-a"/>
      </object_component>
      <object_component id="oc-137">
         <name>.debug_info</name>
         <load_address>0x9b2c</load_address>
         <run_address>0x9b2c</run_address>
         <size>0x12b</size>
         <input_file_ref idref="fl-a"/>
      </object_component>
      <object_component id="oc-13d">
         <name>.debug_info</name>
         <load_address>0x9c57</load_address>
         <run_address>0x9c57</run_address>
         <size>0x156</size>
         <input_file_ref idref="fl-a"/>
      </object_component>
      <object_component id="oc-144">
         <name>.debug_info</name>
         <load_address>0x9dad</load_address>
         <run_address>0x9dad</run_address>
         <size>0x138</size>
         <input_file_ref idref="fl-a"/>
      </object_component>
      <object_component id="oc-14a">
         <name>.debug_info</name>
         <load_address>0x9ee5</load_address>
         <run_address>0x9ee5</run_address>
         <size>0x138</size>
         <input_file_ref idref="fl-a"/>
      </object_component>
      <object_component id="oc-151">
         <name>.debug_info</name>
         <load_address>0xa01d</load_address>
         <run_address>0xa01d</run_address>
         <size>0x138</size>
         <input_file_ref idref="fl-a"/>
      </object_component>
      <object_component id="oc-325">
         <name>.debug_info</name>
         <load_address>0xa155</load_address>
         <run_address>0xa155</run_address>
         <size>0x6e1</size>
         <input_file_ref idref="fl-d"/>
      </object_component>
      <object_component id="oc-473">
         <name>.debug_info</name>
         <load_address>0xa836</load_address>
         <run_address>0xa836</run_address>
         <size>0xd1</size>
         <input_file_ref idref="fl-d"/>
      </object_component>
      <object_component id="oc-476">
         <name>.debug_info</name>
         <load_address>0xa907</load_address>
         <run_address>0xa907</run_address>
         <size>0xd1</size>
         <input_file_ref idref="fl-d"/>
      </object_component>
      <object_component id="oc-479">
         <name>.debug_info</name>
         <load_address>0xa9d8</load_address>
         <run_address>0xa9d8</run_address>
         <size>0xd2</size>
         <input_file_ref idref="fl-d"/>
      </object_component>
      <object_component id="oc-317">
         <name>.debug_info</name>
         <load_address>0xaaaa</load_address>
         <run_address>0xaaaa</run_address>
         <size>0x13c</size>
         <input_file_ref idref="fl-d"/>
      </object_component>
      <object_component id="oc-452">
         <name>.debug_info</name>
         <load_address>0xabe6</load_address>
         <run_address>0xabe6</run_address>
         <size>0x117</size>
         <input_file_ref idref="fl-d"/>
      </object_component>
      <object_component id="oc-464">
         <name>.debug_info</name>
         <load_address>0xacfd</load_address>
         <run_address>0xacfd</run_address>
         <size>0x115</size>
         <input_file_ref idref="fl-d"/>
      </object_component>
      <object_component id="oc-45e">
         <name>.debug_info</name>
         <load_address>0xae12</load_address>
         <run_address>0xae12</run_address>
         <size>0x11b</size>
         <input_file_ref idref="fl-d"/>
      </object_component>
      <object_component id="oc-458">
         <name>.debug_info</name>
         <load_address>0xaf2d</load_address>
         <run_address>0xaf2d</run_address>
         <size>0x142</size>
         <input_file_ref idref="fl-d"/>
      </object_component>
      <object_component id="oc-31d">
         <name>.debug_info</name>
         <load_address>0xb06f</load_address>
         <run_address>0xb06f</run_address>
         <size>0x217</size>
         <input_file_ref idref="fl-d"/>
      </object_component>
[...]
         <object_component_ref idref="oc-30e"/>
      </symbol>
      <symbol id="sm-5ff">
         <name>CS_getACLK</name>
         <value>0x4e9d</value>
         <object_component_ref idref="oc-419"/>
      </symbol>
      <symbol id="sm-600">
         <name>CS_getMCLK</name>
         <value>0x4ec5</value>
         <object_component_ref idref="oc-2ca"/>
      </symbol>
      <symbol id="sm-601">
         <name>CS_clearInterruptFlag</name>
         <value>0x4db1</value>
         <object_component_ref idref="oc-52c"/>
      </symbol>
      <symbol id="sm-602">
         <name>CS_getDCOFrequency</name>
         <value>0x2ebd</value>
         <object_component_ref idref="oc-532"/>
      </symbol>
      <symbol id="sm-603">
         <name>CS_getSMCLK</name>
         <value>0x4eed</value>
         <object_component_ref idref="oc-413"/>
      </symbol>
      <symbol id="sm-632">
         <name>DMA_setChannelTransfer</name>
         <value>0x2fb5</value>
         <object_component_ref idref="oc-117"/>
      </symbol>
      <symbol id="sm-633">
         <name>DMA_clearInterruptFlag</name>
         <value>0x5139</value>
         <object_component_ref idref="oc-10b"/>
      </symbol>
      <symbol id="sm-634">
         <name>DMA_enableChannel</name>
         <value>0x5155</value>
         <object_component_ref idref="oc-11d"/>
      </symbol>
      <symbol id="sm-659">
         <name>GPIO_setOutputHighOnPin</name>
         <value>0x4f15</value>
         <object_component_ref idref="oc-2be"/>
      </symbol>
      <symbol id="sm-65a">
         <name>GPIO_setAsPeripheralModuleFunctionInputPin</name>
         <value>0x3e89</value>
         <object_component_ref idref="oc-2d4"/>
      </symbol>
      <symbol id="sm-680">
         <name>Interrupt_enableMaster</name>
         <value>0x52b1</value>
         <object_component_ref idref="oc-2f8"/>
      </symbol>
      <symbol id="sm-681">
         <name>Interrupt_enableInterrupt</name>
         <value>0x409d</value>
         <object_component_ref idref="oc-2f2"/>
      </symbol>
      <symbol id="sm-698">
         <name>SysCtl_A_getTLVInfo</name>
         <value>0x3ccd</value>
         <object_component_ref idref="oc-5fd"/>
      </symbol>
      <symbol id="sm-6b2">
         <name>Timer_A_getCaptureCompareCount</name>
         <value>0x50d9</value>
         <object_component_ref idref="oc-eb"/>
      </symbol>
      <symbol id="sm-6b3">
         <name>Timer_A_stopTimer</name>
         <value>0x5267</value>
         <object_component_ref idref="oc-f1"/>
      </symbol>
      <symbol id="sm-6b4">
         <name>Timer_A_clearInterruptFlag</name>
         <value>0x5225</value>
         <object_component_ref idref="oc-123"/>
      </symbol>
      <symbol id="sm-6f4">
         <name>UART_enableInterrupt</name>
         <value>0x4e11</value>
         <object_component_ref idref="oc-2ec"/>
      </symbol>
      <symbol id="sm-6f5">
         <name>UART_enableModule</name>
         <value>0x523b</value>
         <object_component_ref idref="oc-2e6"/>
      </symbol>
      <symbol id="sm-6f6">
         <name>UART_transmitData</name>
         <value>0x4d19</value>
         <object_component_ref idref="oc-2a3"/>
      </symbol>
      <symbol id="sm-6f7">
         <name>UART_initModule</name>
         <value>0x2871</value>
         <object_component_ref idref="oc-2e0"/>
      </symbol>
      <symbol id="sm-701">
         <name>CPU_cpsie</name>
         <value>0x52cf</value>
         <object_component_ref idref="oc-42f"/>
      </symbol>
      <symbol id="sm-728">
         <name>sprintf</name>
         <value>0x4c65</value>
         <object_component_ref idref="oc-1d9"/>
      </symbol>
      <symbol id="sm-74a">
         <name>vsprintf</name>
         <value>0x4f8d</value>
         <object_component_ref idref="oc-297"/>
      </symbol>
      <symbol id="sm-761">
         <name>__aeabi_dsub</name>
         <value>0x1c19</value>
         <object_component_ref idref="oc-21d"/>
      </symbol>
      <symbol id="sm-762">
         <name>__aeabi_dadd</name>
         <value>0x1c23</value>
         <object_component_ref idref="oc-21d"/>
      </symbol>
      <symbol id="sm-784">
         <name>__aeabi_cdcmpeq</name>
         <value>0x3f11</value>
         <object_component_ref idref="oc-211"/>
      </symbol>
      <symbol id="sm-785">
         <name>__aeabi_cdcmple</name>
         <value>0x3f11</value>
         <object_component_ref idref="oc-211"/>
      </symbol>
      <symbol id="sm-786">
         <name>__aeabi_cdrcmple</name>
         <value>0x3f97</value>
         <object_component_ref idref="oc-20c"/>
      </symbol>
      <symbol id="sm-79a">
         <name>__aeabi_ddiv</name>
         <value>0x2615</value>
         <object_component_ref idref="oc-202"/>
      </symbol>
      <symbol id="sm-7a5">
         <name>__aeabi_dmul</name>
         <value>0x2dc1</value>
         <object_component_ref idref="oc-1ce"/>
      </symbol>
      <symbol id="sm-7af">
         <name>__aeabi_d2iz</name>
         <value>0x4a91</value>
         <object_component_ref idref="oc-568"/>
      </symbol>
      <symbol id="sm-7bb">
         <name>__aeabi_d2f</name>
         <value>0x44d5</value>
         <object_component_ref idref="oc-374"/>
      </symbol>
      <symbol id="sm-7c5">
         <name>__aeabi_d2uiz</name>
         <value>0x4b1d</value>
         <object_component_ref idref="oc-207"/>
      </symbol>
      <symbol id="sm-7d0">
         <name>__aeabi_i2d</name>
         <value>0x4e41</value>
         <object_component_ref idref="oc-33f"/>
      </symbol>
      <symbol id="sm-7eb">
         <name>memcpy</name>
         <value>0x3b99</value>
         <object_component_ref idref="oc-37"/>
      </symbol>
      <symbol id="sm-7ec">
         <name>__aeabi_memcpy</name>
         <value>0x3b99</value>
         <object_component_ref idref="oc-37"/>
      </symbol>
      <symbol id="sm-7ed">
         <name>__aeabi_memcpy8</name>
         <value>0x3b99</value>
         <object_component_ref idref="oc-37"/>
      </symbol>
      <symbol id="sm-7ee">
         <name>__aeabi_memcpy4</name>
         <value>0x3b99</value>
         <object_component_ref idref="oc-37"/>
      </symbol>
      <symbol id="sm-7f8">
         <name>__aeabi_ui2d</name>
         <value>0x50fb</value>
         <object_component_ref idref="oc-1fd"/>
      </symbol>
      <symbol id="sm-80f">
         <name>__TI_zero_init</name>
         <value>0x52e7</value>
         <object_component_ref idref="oc-49"/>
      </symbol>
      <symbol id="sm-826">
         <name>__TI_decompress_none</name>
         <value>0x52c1</value>
         <object_component_ref idref="oc-1d"/>
      </symbol>
      <symbol id="sm-849">
         <name>__TI_decompress_lzss</name>
         <value>0x4543</value>
         <object_component_ref idref="oc-17"/>
      </symbol>
      <symbol id="sm-857">
         <name>strlen</name>
         <value>0x527b</value>
         <object_component_ref idref="oc-29d"/>
      </symbol>
      <symbol id="sm-86a">
         <name>__stack</name>
         <value>0x2000fe00</value>
         <object_component_ref idref="oc-29"/>
      </symbol>
      <symbol id="sm-86b">
         <name>_c_int00_noargs</name>
         <value>0x4d4d</value>
         <object_component_ref idref="oc-55"/>
      </symbol>
      <symbol id="sm-9d0">
         <name>__TI_printfi</name>
         <value>0xe9</value>
         <object_component_ref idref="oc-347"/>
      </symbol>
      <symbol id="sm-9f0">
         <name>frexpl</name>
         <value>0x4615</value>
         <object_component_ref idref="oc-58e"/>
      </symbol>
      <symbol id="sm-9f1">
         <name>frexp</name>
         <value>0x4615</value>
         <object_component_ref idref="oc-58e"/>
      </symbol>
      <symbol id="sm-a0e">
         <name>scalbn</name>
         <value>0x2bad</value>
         <object_component_ref idref="oc-594"/>
      </symbol>
      <symbol id="sm-a0f">
         <name>scalbnl</name>
         <value>0x2bad</value>
         <object_component_ref idref="oc-594"/>
      </symbol>
      <symbol id="sm-a10">
         <name>ldexpl</name>
         <value>0x2bad</value>
         <object_component_ref idref="oc-594"/>
      </symbol>
      <symbol id="sm-a11">
         <name>ldexp</name>
         <value>0x2bad</value>
         <object_component_ref idref="oc-594"/>
      </symbol>
      <symbol id="sm-a2a">
         <name>wcslen</name>
         <value>0x528f</value>
         <object_component_ref idref="oc-4aa"/>
      </symbol>
      <symbol id="sm-a37">
         <name>__aeabi_uldivmod</name>
         <value>0x3c35</value>
         <object_component_ref idref="oc-562"/>
      </symbol>
      <symbol id="sm-a46">
         <name>__aeabi_memset</name>
         <value>0x4217</value>
         <object_component_ref idref="oc-c3"/>
      </symbol>
      <symbol id="sm-a47">
         <name>memset</name>
         <value>0x421d</value>
         <object_component_ref idref="oc-c3"/>
      </symbol>
      <symbol id="sm-a48">
         <name>__aeabi_memset8</name>
         <value>0x4217</value>
         <object_component_ref idref="oc-c3"/>
      </symbol>
      <symbol id="sm-a49">
         <name>__aeabi_memset4</name>
         <value>0x4217</value>
         <object_component_ref idref="oc-c3"/>
      </symbol>
      <symbol id="sm-a4a">
         <name>__aeabi_memclr8</name>
         <value>0x4215</value>
         <object_component_ref idref="oc-c3"/>
      </symbol>
      <symbol id="sm-a4b">
         <name>__aeabi_memclr4</name>
         <value>0x4215</value>
         <object_component_ref idref="oc-c3"/>
      </symbol>
      <symbol id="sm-a4c">
         <name>__aeabi_memclr</name>
         <value>0x4215</value>
         <object_component_ref idref="oc-c3"/>
      </symbol>
      <symbol id="sm-a74">
         <name>__TI_auto_init_nobinit_nopinit</name>
         <value>0x4ad9</value>
         <object_component_ref idref="oc-234"/>
      </symbol>
      <symbol id="sm-a7e">
         <name>_system_pre_init</name>
         <value>0x43f3</value>
         <object_component_ref idref="oc-c9"/>
      </symbol>
      <symbol id="sm-a8a">
         <name>C$$EXIT</name>
         <value>0x52f3</value>
         <object_component_ref idref="oc-228"/>
      </symbol>
      <symbol id="sm-a8b">
         <name>abort</name>
         <value>0x52f3</value>
         <object_component_ref idref="oc-228"/>
      </symbol>
      <symbol id="sm-a9b">
         <name>__TI_ltoa</name>
         <value>0x499d</value>
         <object_component_ref idref="oc-56d"/>
      </symbol>
      <symbol id="sm-ab2">
         <name>atoi</name>
         <value>0x4a45</value>
         <object_component_ref idref="oc-480"/>
      </symbol>
      <symbol id="sm-abd">
         <name>_ctypes_</name>
         <value>0x6f68</value>
         <object_component_ref idref="oc-55d"/>
      </symbol>
      <symbol id="sm-acd">
         <name>memccpy</name>
         <value>0x518d</value>
         <object_component_ref idref="oc-4a4"/>
      </symbol>
      <symbol id="sm-add">
         <name>strchr</name>
         <value>0x5251</value>
         <object_component_ref idref="oc-59a"/>
      </symbol>
      <symbol id="sm-af3">
         <name>__aeabi_errno_addr</name>
         <value>0x5319</value>
         <object_component_ref idref="oc-4b0"/>
      </symbol>
      <symbol id="sm-af4">
         <name>errno</name>
         <value>0x20002520</value>
         <object_component_ref idref="oc-5aa"/>
      </symbol>
      <symbol id="sm-afe">
         <name>copysign</name>
         <value>0x51a9</value>
         <object_component_ref idref="oc-628"/>
      </symbol>
      <symbol id="sm-aff">
         <name>copysignl</name>
         <value>0x51a9</value>
         <object_component_ref idref="oc-628"/>
      </symbol>
      <symbol id="sm-b09">
         <name>__aeabi_idiv0</name>
         <value>0x274b</value>
         <object_component_ref idref="oc-614"/>
      </symbol>
      <symbol id="sm-b0a">
         <name>__aeabi_ldiv0</name>
         <value>0x274b</value>
         <object_component_ref idref="oc-614"/>
      </symbol>
      <symbol id="sm-b2f">
         <name>_Q10atan2</name>
         <value>0x3511</value>
         <object_component_ref idref="oc-36e"/>
      </symbol>
      <symbol id="sm-b40">
         <name>_UQ15div</name>
         <value>0x43f9</value>
         <object_component_ref idref="oc-4ea"/>
      </symbol>
      <symbol id="sm-b62">
         <name>_Q10cos</name>
         <value>0x3279</value>
         <object_component_ref idref="oc-4cd"/>
      </symbol>
      <symbol id="sm-b63">
         <name>_Q10sin</name>
         <value>0x3359</value>
         <object_component_ref idref="oc-4d3"/>
      </symbol>
      <symbol id="sm-b78">
         <name>_Qmag</name>
         <value>0x3439</value>
         <object_component_ref idref="oc-368"/>
      </symbol>
      <symbol id="sm-ba1">
         <name>_QNCosLookup</name>
         <value>0x71ec</value>
         <object_component_ref idref="oc-5c4"/>
      </symbol>
      <symbol id="sm-ba2">
         <name>_Q16sqrt_coeffs</name>
         <value>0x6ce0</value>
         <object_component_ref idref="oc-4e0"/>
      </symbol>
      <symbol id="sm-ba3">
         <name>_Q16div_coeffs</name>
         <value>0x6ae0</value>
         <object_component_ref idref="oc-5e1"/>
      </symbol>
      <symbol id="sm-ba4">
         <name>_QNCos2Lookup</name>
         <value>0x72c4</value>
         <object_component_ref idref="oc-5ca"/>
      </symbol>
      <symbol id="sm-ba5">
         <name>_Q16atan_coeffs</name>
         <value>0x6e60</value>
         <object_component_ref idref="oc-4f0"/>
      </symbol>
      <symbol id="sm-ba6">
         <name>_QNSinLookup</name>
         <value>0x7258</value>
         <object_component_ref idref="oc-5c7"/>
      </symbol>
      <symbol id="sm-bb3">
         <name>_Q10mpy</name>
         <value>0x52f9</value>
         <object_component_ref idref="oc-4d9"/>
      </symbol>
      <symbol id="sm-bb4">
         <name>__TI_static_base__</name>
         <value>0x0</value>
      </symbol>
      <symbol id="sm-bb7">
         <name>__mpu_init</name>
         <value>0x0</value>
      </symbol>
      <symbol id="sm-bb8">
         <name>_system_post_cinit</name>
         <value>0x0</value>
      </symbol>
      <symbol id="sm-bb9">
         <name>NMI_Handler</name>
         <value>0xb37</value>
      </symbol>
      <symbol id="sm-bba">
         <name>HardFault_Handler</name>
         <value>0xb37</value>
      </symbol>
      <symbol id="sm-bbb">
         <name>MemManage_Handler</name>
         <value>0xb37</value>
      </symbol>
      <symbol id="sm-bbc">
         <name>BusFault_Handler</name>
         <value>0xb37</value>
      </symbol>
      <symbol id="sm-bbd">
         <name>UsageFault_Handler</name>
         <value>0xb37</value>
      </symbol>
      <symbol id="sm-bbe">
         <name>SVC_Handler</name>
         <value>0xb37</value>
      </symbol>
      <symbol id="sm-bbf">
         <name>DebugMon_Handler</name>
         <value>0xb37</value>
      </symbol>
      <symbol id="sm-bc0">
         <name>PendSV_Handler</name>
         <value>0xb37</value>
      </symbol>
      <symbol id="sm-bc1">
         <name>SysTick_Handler</name>
         <value>0xb37</value>
      </symbol>
      <symbol id="sm-bc2">
         <name>PSS_IRQHandler</name>
         <value>0xb37</value>
      </symbol>
      <symbol id="sm-bc3">
         <name>CS_IRQHandler</name>
         <value>0xb37</value>
      </symbol>
      <symbol id="sm-bc4">
         <name>PCM_IRQHandler</name>
         <value>0xb37</value>
      </symbol>
      <symbol id="sm-bc5">
         <name>WDT_A_IRQHandler</name>
         <value>0xb37</value>
      </symbol>
      <symbol id="sm-bc6">
         <name>FPU_IRQHandler</name>
         <value>0xb37</value>
      </symbol>
      <symbol id="sm-bc7">
         <name>FLCTL_IRQHandler</name>
         <value>0xb37</value>
      </symbol>
      <symbol id="sm-bc8">
         <name>COMP_E0_IRQHandler</name>
         <value>0xb37</value>
      </symbol>
      <symbol id="sm-bc9">
         <name>COMP_E1_IRQHandler</name>
         <value>0xb37</value>
      </symbol>
      <symbol id="sm-bca">
         <name>TA0_0_IRQHandler</name>
         <value>0x1dcf</value>
      </symbol>
      <symbol id="sm-bcb">
         <name>TA0_N_IRQHandler</name>
         <value>0xb37</value>
      </symbol>
      <symbol id="sm-bcc">
         <name>TA1_0_IRQHandler</name>
         <value>0x5171</value>
      </symbol>
      <symbol id="sm-bcd">
         <name>TA1_N_IRQHandler</name>
         <value>0xb37</value>
      </symbol>
      <symbol id="sm-bce">
         <name>TA2_0_IRQHandler</name>
         <value>0xb37</value>
      </symbol>
      <symbol id="sm-bcf">
         <name>TA2_N_IRQHandler</name>
         <value>0x37e5</value>
      </symbol>
      <symbol id="sm-bd0">
         <name>TA3_0_IRQHandler</name>
         <value>0xb37</value>
      </symbol>
      <symbol id="sm-bd1">
         <name>TA3_N_IRQHandler</name>
         <value>0xb37</value>
      </symbol>
      <symbol id="sm-bd2">
         <name>EUSCIA0_IRQHandler</name>
         <value>0xb37</value>
      </symbol>
      <symbol id="sm-bd3">
         <name>EUSCIA1_IRQHandler</name>
         <value>0xb37</value>
      </symbol>
      <symbol id="sm-bd4">
         <name>EUSCIA2_IRQHandler</name>
         <value>0xb37</value>
      </symbol>
      <symbol id="sm-bd5">
         <name>EUSCIA3_IRQHandler</name>
         <value>0xb37</value>
      </symbol>
      <symbol id="sm-bd6">
         <name>EUSCIB0_IRQHandler</name>
         <value>0xb37</value>
      </symbol>
      <symbol id="sm-bd7">
         <name>EUSCIB1_IRQHandler</name>
         <value>0xb37</value>
      </symbol>
      <symbol id="sm-bd8">
         <name>EUSCIB2_IRQHandler</name>
         <value>0xb37</value>
      </symbol>
      <symbol id="sm-bd9">
         <name>EUSCIB3_IRQHandler</name>
         <value>0xb37</value>
      </symbol>
      <symbol id="sm-bda">
         <name>ADC14_IRQHandler</name>
         <value>0xb37</value>
      </symbol>
      <symbol id="sm-bdb">
         <name>T32_INT1_IRQHandler</name>
         <value>0x51c5</value>
      </symbol>
      <symbol id="sm-bdc">
         <name>T32_INT2_IRQHandler</name>
         <value>0x51dd</value>
      </symbol>
      <symbol id="sm-bdd">
         <name>T32_INTC_IRQHandler</name>
         <value>0xb37</value>
      </symbol>
      <symbol id="sm-bde">
         <name>AES256_IRQHandler</name>
         <value>0xb37</value>
      </symbol>
      <symbol id="sm-bdf">
         <name>RTC_C_IRQHandler</name>
         <value>0xb37</value>
      </symbol>
      <symbol id="sm-be0">
         <name>DMA_ERR_IRQHandler</name>
         <value>0xb37</value>
      </symbol>
      <symbol id="sm-be1">
         <name>DMA_INT3_IRQHandler</name>
         <value>0xb37</value>
      </symbol>
      <symbol id="sm-be2">
         <name>DMA_INT2_IRQHandler</name>
         <value>0xb37</value>
      </symbol>
      <symbol id="sm-be3">
         <name>DMA_INT1_IRQHandler</name>
         <value>0x39c5</value>
      </symbol>
      <symbol id="sm-be4">
         <name>DMA_INT0_IRQHandler</name>
         <value>0xb37</value>
      </symbol>
      <symbol id="sm-be5">
         <name>PORT1_IRQHandler</name>
         <value>0x48a1</value>
      </symbol>
      <symbol id="sm-be6">
         <name>PORT2_IRQHandler</name>
         <value>0xb37</value>
      </symbol>
      <symbol id="sm-be7">
         <name>PORT3_IRQHandler</name>
         <value>0x48f5</value>
      </symbol>
      <symbol id="sm-be8">
         <name>PORT4_IRQHandler</name>
         <value>0xb37</value>
      </symbol>
      <symbol id="sm-be9">
         <name>PORT5_IRQHandler</name>
         <value>0xb37</value>
      </symbol>
      <symbol id="sm-bea">
         <name>PORT6_IRQHandler</name>
         <value>0x4ba5</value>
      </symbol>
   </symbol_table>
   <title>Link successful</title>
</link_info>
