******************************************************************************
                  TI ARM Linker PC v20.2.5                     
******************************************************************************
>> Linked Thu Jul 28 16:44:06 2022

OUTPUT FILE NAME:   <ccs432demo.out>
ENTRY POINT SYMBOL: "_c_int00_noargs"  address: 00003ba9


MEMORY CONFIGURATION

         name            origin    length      used     unused   attr    fill
----------------------  --------  ---------  --------  --------  ----  --------
  MAIN                  00000000   00040000  00004954  0003b6ac  R  X
  INFO                  00200000   00004000  00000000  00004000  R  X
  SRAM_CODE             01000000   00010000  000016a8  0000e958  RW X
  SRAM_DATA             20000000   00010000  000016a8  0000e958  RW  


SEGMENT ALLOCATION MAP

run origin  load origin   length   init length attrs members
----------  ----------- ---------- ----------- ----- -------
00000000    00000000    00004958   00004958    r-x
  00000000    00000000    000000e4   000000e4    r-- .intvecs
  000000e8    000000e8    00003f6c   00003f6c    r-x .text
  00004054    00004054    000008c4   000008c4    r-- .const
  00004918    00004918    00000040   00000040    r-- .cinit
20000000    20000000    000014a8   00000000    rw-
  20000000    20000000    00000b00   00000000    rw- .bss
  20000b00    20000b00    000009a8   00000000    rw- .data
2000fe00    2000fe00    00000200   00000000    rw-
  2000fe00    2000fe00    00000200   00000000    rw- .stack


SECTION ALLOCATION MAP

 output                                  attributes/
section   page    origin      length       input sections
--------  ----  ----------  ----------   ----------------
.intvecs   0    00000000    000000e4     
                  00000000    000000e4     startup_msp432p401r_ccs.obj (.intvecs:retain)

.text      0    000000e8    00003f6c     
                  000000e8    00000a4e     rtsv7M4_T_le_v4SPD16_eabi.lib : _printfi.c.obj (.text:__TI_printfi)
                  00000b36    00000002     startup_msp432p401r_ccs.obj (.text:Default_Handler)
                  00000b38    00000270     rtsv7M4_T_le_v4SPD16_eabi.lib : _printfi.c.obj (.text:_pconv_a)
                  00000da8    0000025c     main.obj (.text:main)
                  00001004    000001e0     baudrate_calculate.obj (.text:eusci_calcBaudDividers)
                  000011e4    000001d0     rtsv7M4_T_le_v4SPD16_eabi.lib : _printfi.c.obj (.text:_pconv_g)
                  000013b4    000001d0     fft.obj (.text:cFFT)
                  00001584    000001b6     rtsv7M4_T_le_v4SPD16_eabi.lib : fd_add_t2.asm.obj (.text)
                  0000173a    00000002     timA.obj (.text:TA0_0_IRQHandler)
                  0000173c    00000160     msp432p4xx_driverlib.lib : adc14.o (.text:_getIndexForMemRegister)
                  0000189c    0000013c     rtsv7M4_T_le_v4SPD16_eabi.lib : _printfi.c.obj (.text:_pconv_e)
                  000019d8    00000136                                   : fd_div_t2.asm.obj (.text)
                  00001b0e    00000002                                   : div0.asm.obj (.text)
                  00001b10    00000124                                   : _printfi.c.obj (.text:fcvt)
                  00001c34    0000011c     msp432p4xx_driverlib.lib : uart.o (.text:UART_initModule)
                  00001d50    00000110     rtsv7M4_T_le_v4SPD16_eabi.lib : s_scalbn.c.obj (.text:scalbn)
                  00001e60    00000108     main.obj (.text:fft_Display)
                  00001f68    00000104     msp432p4xx_driverlib.lib : cs.o (.text:_CSComputeCLKFrequency)
                  0000206c    000000fc     rtsv7M4_T_le_v4SPD16_eabi.lib : fd_mul_t2.asm.obj (.text)
                  00002168    000000f8     msp432p4xx_driverlib.lib : cs.o (.text:CS_getDCOFrequency)
                  00002260    000000f0                              : dma.o (.text:DMA_setChannelTransfer)
                  00002350    000000e8     fft.obj (.text:cBitReverse)
                  00002438    000000e4     timA.obj (.text:TA2_N_IRQHandler)
                  0000251c    00000004     rtsv7M4_T_le_v4SPD16_eabi.lib : pre_init.c.obj (.text:_system_pre_init)
                  00002520    000000de     QmathLib_CCS_MSP432.lib : _QNsin_cos.obj (.text:_Q10cos)
                  000025fe    00000002     --HOLE-- [fill = 0]
                  00002600    000000de                             : _QNsin_cos.obj (.text:_Q10sin)
                  000026de    00000002     --HOLE-- [fill = 0]
                  000026e0    000000dc     timA.obj (.text:TimA0_PWM_Init)
                  000027bc    00000004     rtsv7M4_T_le_v4SPD16_eabi.lib : exit.c.obj (.text:abort:abort)
                  000027c0    000000d8     QmathLib_CCS_MSP432.lib : _QNsqrt.obj (.text:_Qmag)
                  00002898    000000b8                             : _QNatan2.obj (.text:_Q10atan2)
                  00002950    000000b4     msp432p4xx_driverlib.lib : adc14.o (.text:ADC14_configureConversionMemory)
                  00002a04    000000b1     rtsv7M4_T_le_v4SPD16_eabi.lib : _printfi.c.obj (.text:_ltostr)
                  00002ab5    00000003     --HOLE-- [fill = 0]
                  00002ab8    000000a0     adc.obj (.text:adc_dma_init)
                  00002b58    0000009c     adc.obj (.text:DMA_INT1_IRQHandler)
                  00002bf4    0000009c     rtsv7M4_T_le_v4SPD16_eabi.lib : memcpy_t2.asm.obj (.text)
                  00002c90    00000096                                   : ull_div_t2.asm.obj (.text)
                  00002d26    00000002     --HOLE-- [fill = 0]
                  00002d28    00000094     msp432p4xx_driverlib.lib : sysctl_a.o (.text:SysCtl_A_getTLVInfo)
                  00002dbc    00000094     timA.obj (.text:TimA1_Int_Init)
                  00002e50    0000008c     timA.obj (.text:DAC8532timer_callback)
                  00002edc    00000088     msp432p4xx_driverlib.lib : gpio.o (.text:GPIO_setAsPeripheralModuleFunctionInputPin)
                  00002f64    00000086     rtsv7M4_T_le_v4SPD16_eabi.lib : fd_cmp_t2.asm.obj (.text:__aeabi_cdcmple)
                  00002fea    00000086                                   : fd_cmp_t2.asm.obj (.text:__aeabi_cdrcmple)
                  00003070    00000080     adc.obj (.text:ADC_Config)
                  000030f0    00000080     msp432p4xx_driverlib.lib : interrupt.o (.text:Interrupt_enableInterrupt)
                  00003170    0000007c                              : cs.o (.text:_CSGetDOCFrequency)
                  000031ec    0000007a     rtsv7M4_T_le_v4SPD16_eabi.lib : memset_t2.asm.obj (.text)
                  00003266    00000002     --HOLE-- [fill = 0]
                  00003268    00000078     key.obj (.text:KEY_Init)
                  000032e0    00000078     system_msp432p401r.obj (.text:SystemInit)
                  00003358    0000006e     QmathLib_CCS_MSP432.lib : _QNdiv.obj (.text:_UQ15div)
                  000033c6    0000006e     rtsv7M4_T_le_v4SPD16_eabi.lib : _printfi.c.obj (.text:_mcpy)
                  00003434    0000006e                                   : fd_tos_t2.asm.obj (.text)
                  000034a2    00000068                                   : copy_decompress_lzss.c.obj (.text:decompress:lzss:__TI_decompress_lzss)
                  0000350a    00000002     --HOLE-- [fill = 0]
                  0000350c    00000068     usart.obj (.text:printf)
                  00003574    00000064     rtsv7M4_T_le_v4SPD16_eabi.lib : s_frexp.c.obj (.text:frexp)
                  000035d8    00000062     msp432p4xx_driverlib.lib : cs.o (.text:_CSGetDividerValue)
                  0000363a    00000002     --HOLE-- [fill = 0]
                  0000363c    0000005c     key.obj (.text:Usr_Key1_Callback)
                  00003698    00000058     dac8532dma.obj (.text:DMA_INT0_IRQHandler)
                  000036f0    00000058     key.obj (.text:Usr_Key2_Callback)
                  00003748    00000058     delay.obj (.text:delay_us)
                  000037a0    00000058     usart.obj (.text:uart_init)
                  000037f8    00000056     rtsv7M4_T_le_v4SPD16_eabi.lib : _printfi.c.obj (.text:_pconv_f)
                  0000384e    00000002     --HOLE-- [fill = 0]
                  00003850    00000054     key.obj (.text:PORT1_IRQHandler)
                  000038a4    00000054     sysinit.obj (.text:SysInit)
                  000038f8    00000054     rtsv7M4_T_le_v4SPD16_eabi.lib : _ltoa.c.obj (.text:__TI_ltoa)
                  0000394c    00000052                                   : _printfi.c.obj (.text:_ecpy)
                  0000399e    00000002     --HOLE-- [fill = 0]
                  000039a0    0000004c                                   : atoi.c.obj (.text:atoi)
                  000039ec    00000048                                   : fd_toi_t2.asm.obj (.text)
                  00003a34    00000044                                   : autoinit.c.obj (.text:__TI_auto_init_nobinit_nopinit:__TI_auto_init_nobinit_nopinit)
                  00003a78    00000044                                   : fd_tou_t2.asm.obj (.text)
                  00003abc    00000040     key.obj (.text:key_delay)
                  00003afc    0000003e     rtsv7M4_T_le_v4SPD16_eabi.lib : _printfi.c.obj (.text:_fcpy)
                  00003b3a    00000038                                   : fs_tod_t2.asm.obj (.text)
                  00003b72    00000002     --HOLE-- [fill = 0]
                  00003b74    00000034     msp432p4xx_driverlib.lib : uart.o (.text:UART_transmitData)
                  00003ba8    00000034     rtsv7M4_T_le_v4SPD16_eabi.lib : boot_cortex_m.c.obj (.text:_c_int00_noargs:_c_int00_noargs)
                  00003bdc    00000030     msp432p4xx_driverlib.lib : adc14.o (.text:ADC14_clearInterruptFlag)
                  00003c0c    00000030                              : cs.o (.text:CS_clearInterruptFlag)
                  00003c3c    00000030                              : uart.o (.text:UART_enableInterrupt)
                  00003c6c    0000002e     rtsv7M4_T_le_v4SPD16_eabi.lib : i_tofd_t2.asm.obj (.text)
                  00003c9a    00000002     --HOLE-- [fill = 0]
                  00003c9c    0000002c     timA.obj (.text:TA1_0_IRQHandler)
                  00003cc8    00000028     msp432p4xx_driverlib.lib : cs.o (.text:CS_getACLK)
                  00003cf0    00000028                              : cs.o (.text:CS_getHSMCLK)
                  00003d18    00000028                              : cs.o (.text:CS_getMCLK)
                  00003d40    00000028                              : cs.o (.text:CS_getSMCLK)
                  00003d68    00000028                              : gpio.o (.text:GPIO_setOutputHighOnPin)
                  00003d90    00000028                              : gpio.o (.text:GPIO_setOutputLowOnPin)
                  00003db8    00000028     delay.obj (.text:delay_init)
                  00003de0    00000028     rtsv7M4_T_le_v4SPD16_eabi.lib : vsprintf.c.obj (.text:vsprintf)
                  00003e08    00000026     baudrate_calculate.obj (.text:bitPosition)
                  00003e2e    00000022     msp432p4xx_driverlib.lib : timer_a.o (.text:Timer_A_getCaptureCompareCount)
                  00003e50    00000020                              : cs.o (.text:CS_getBCLK)
                  00003e70    00000020     rtsv7M4_T_le_v4SPD16_eabi.lib : u_tofd_t2.asm.obj (.text)
                  00003e90    0000001e     delay.obj (.text:delay_ms)
                  00003eae    00000002     --HOLE-- [fill = 0]
                  00003eb0    0000001c     msp432p4xx_driverlib.lib : dma.o (.text:DMA_clearInterruptFlag)
                  00003ecc    0000001c                              : dma.o (.text:DMA_enableChannel)
                  00003ee8    0000001c     rtsv7M4_T_le_v4SPD16_eabi.lib : memccpy.c.obj (.text:memccpy)
                  00003f04    0000001a                                   : s_copysign.c.obj (.text:copysign)
                  00003f1e    00000002     --HOLE-- [fill = 0]
                  00003f20    00000018     tim32.obj (.text:T32_INT1_IRQHandler)
                  00003f38    00000018     tim32.obj (.text:T32_INT2_IRQHandler)
                  00003f50    00000018     rtsv7M4_T_le_v4SPD16_eabi.lib : vsprintf.c.obj (.text:_outs)
                  00003f68    00000016     msp432p4xx_driverlib.lib : timer_a.o (.text:Timer_A_clearInterruptFlag)
                  00003f7e    00000016                              : uart.o (.text:UART_enableModule)
                  00003f94    00000016     rtsv7M4_T_le_v4SPD16_eabi.lib : strchr.c.obj (.text:strchr)
                  00003faa    00000014     msp432p4xx_driverlib.lib : timer_a.o (.text:Timer_A_stopTimer)
                  00003fbe    00000014     rtsv7M4_T_le_v4SPD16_eabi.lib : strlen.c.obj (.text:strlen)
                  00003fd2    00000012                                   : wcslen.c.obj (.text:wcslen)
                  00003fe4    00000010     msp432p4xx_driverlib.lib : adc14.o (.text:ADCIsConversionRunning)
                  00003ff4    00000010                              : interrupt.o (.text:Interrupt_enableMaster)
                  00004004    0000000e     rtsv7M4_T_le_v4SPD16_eabi.lib : copy_decompress_none.c.obj (.text:decompress:none:__TI_decompress_none)
                  00004012    0000000c     msp432p4xx_driverlib.lib : cpu.o (.text:CPU_cpsie)
                  0000401e    0000000c     startup_msp432p401r_ccs.obj (.text:Reset_Handler)
                  0000402a    0000000c     rtsv7M4_T_le_v4SPD16_eabi.lib : copy_zero_init.c.obj (.text:decompress:ZI:__TI_zero_init)
                  00004036    00000002     --HOLE-- [fill = 0]
                  00004038    0000000a     QmathLib_CCS_MSP432.lib : _QNmpy.obj (.text:_Q10mpy)
                  00004042    0000000a     rtsv7M4_T_le_v4SPD16_eabi.lib : vsprintf.c.obj (.text:_outc)
                  0000404c    00000008                                   : errno.c.obj (.text:__aeabi_errno_addr)

.const     0    00004054    000008c4     
                  00004054    00000200     QmathLib_CCS_MSP432.lib : _QNtables.obj (.const:_Q16div_coeffs)
                  00004254    00000180                             : _QNtables.obj (.const:_Q16sqrt_coeffs)
                  000043d4    00000108                             : _QNtables.obj (.const:_Q16atan_coeffs)
                  000044dc    00000101     rtsv7M4_T_le_v4SPD16_eabi.lib : ctype.c.obj (.const:.string:_ctypes_)
                  000045dd    00000100     fft.obj (.const:.string:ui8BitRevLUT)
                  000046dd    00000003     --HOLE-- [fill = 0]
                  000046e0    00000080     msp432p4xx_driverlib.lib : adc14.o (.const:_ctlRegs)
                  00004760    0000006c     QmathLib_CCS_MSP432.lib : _QNtables.obj (.const:_QNCosLookup)
                  000047cc    0000006c                             : _QNtables.obj (.const:_QNSinLookup)
                  00004838    00000040                             : _QNtables.obj (.const:_QNCos2Lookup)
                  00004878    00000030     msp432p4xx_driverlib.lib : gpio.o (.const:GPIO_PORT_TO_BASE)
                  000048a8    00000028     usart.obj (.const:$P$T0$1)
                  000048d0    00000018     timA.obj (.const:$P$T2$3)
                  000048e8    00000018     timA.obj (.const:$P$T4$6)
                  00004900    00000010     timA.obj (.const:$P$T3$4)
                  00004910    00000008     msp432p4xx_driverlib.lib : interrupt.o (.const:g_pulEnRegs)

.cinit     0    00004918    00000040     
                  00004918    0000001c     (.cinit..data.load) [load image, compression = lzss]
                  00004934    0000000c     (__TI_handler_table)
                  00004940    00000008     (.cinit..bss.load) [load image, compression = zero_init]
                  00004948    00000010     (__TI_cinit_table)

.init_array 
*          0    00000000    00000000     UNINITIALIZED

.binit     0    00000000    00000000     

.bss       0    20000000    00000b00     UNINITIALIZED
                  20000000    00000400     (.common:qInput)
                  20000400    00000258     (.common:USART0_TX_BUF)
                  20000658    00000100     (.common:qMag)
                  20000758    00000008     msp432p4xx_driverlib.lib : cs.o (.bss)
                  20000760    000000a0     --HOLE--
                  20000800    00000200     adc.obj (.bss:MSP_EXP432P401RLP_DMAControlTable)
                  20000a00    00000100     (.common:qPhase)

.data      0    20000b00    000009a8     UNINITIALIZED
                  20000b00    00000800     adc.obj (.data:g_u16ADCbuff)
                  20001300    00000180     dac8532dma.obj (.data:g_u8dac8532txData)
                  20001480    0000000c     dac8532dma.obj (.data)
                  2000148c    0000000c     main.obj (.data)
                  20001498    00000008     timA.obj (.data)
                  200014a0    00000004     rtsv7M4_T_le_v4SPD16_eabi.lib : errno.c.obj (.data)
                  200014a4    00000003     adc.obj (.data)
                  200014a7    00000001     delay.obj (.data)

.stack     0    2000fe00    00000200     UNINITIALIZED
                  2000fe00    00000004     rtsv7M4_T_le_v4SPD16_eabi.lib : boot_cortex_m.c.obj (.stack)
                  2000fe04    000001fc     --HOLE--

__llvm_prf_cnts 
*          0    20000000    00000000     UNINITIALIZED

MODULE SUMMARY

       Module                        code    ro data   rw data
       ------                        ----    -------   -------
    .\
       system_msp432p401r.obj        120     0         0      
    +--+-----------------------------+-------+---------+---------+
       Total:                        120     0         0      
                                                              
    .\ccs\
       startup_msp432p401r_ccs.obj   14      228       0      
    +--+-----------------------------+-------+---------+---------+
       Total:                        14      228       0      
                                                              
    .\dsp\
       fft.obj                       696     256       3072   
    +--+-----------------------------+-------+---------+---------+
       Total:                        696     256       3072   
                                                              
    .\hardware\
       adc.obj                       444     0         5126   
       dac8532dma.obj                88      0         792    
       timA.obj                      782     64        16     
       key.obj                       448     0         0      
       tim32.obj                     48      0         0      
    +--+-----------------------------+-------+---------+---------+
       Total:                        1810    64        5934   
                                                              
    .\sys\
       usart.obj                     192     40        1200   
       baudrate_calculate.obj        518     0         0      
       delay.obj                     158     0         2      
       sysinit.obj                   84      0         0      
    +--+-----------------------------+-------+---------+---------+
       Total:                        952     40        1202   
                                                              
    .\user\
       main.obj                      868     0         24     
    +--+-----------------------------+-------+---------+---------+
       Total:                        868     0         24     
                                                              
    D:/CCS/msp432sdk/simplelink_msp432p4_sdk_3_40_01_02/source/ti/devices/msp432p4xx/driverlib/ccs/msp432p4xx_driverlib.lib
       cs.o                          970     0         16     
       adc14.o                       596     128       0      
       uart.o                        406     0         0      
       dma.o                         296     0         0      
       gpio.o                        216     48        0      
       interrupt.o                   144     8         0      
       sysctl_a.o                    148     0         0      
       timer_a.o                     76      0         0      
       cpu.o                         12      0         0      
    +--+-----------------------------+-------+---------+---------+
       Total:                        2864    184       16     
                                                              
    D:/CCS/msp432sdk/simplelink_msp432p4_sdk_3_40_01_02/source/ti/iqmathlib/ccs/QmathLib_CCS_MSP432.lib
       _QNtables.obj                 0       1440      0      
       _QNsin_cos.obj                444     0         0      
       _QNsqrt.obj                   216     0         0      
       _QNatan2.obj                  184     0         0      
       _QNdiv.obj                    110     0         0      
       _QNmpy.obj                    10      0         0      
    +--+-----------------------------+-------+---------+---------+
       Total:                        964     1440      0      
                                                              
    D:\CCS\ccs1040\ccs\tools\compiler\ti-cgt-arm_20.2.5.LTS\lib\rtsv7M4_T_le_v4SPD16_eabi.lib
       _printfi.c.obj                4851    0         0      
       fd_add_t2.asm.obj             438     0         0      
       fd_div_t2.asm.obj             310     0         0      
       s_scalbn.c.obj                272     0         0      
       fd_cmp_t2.asm.obj             268     0         0      
       ctype.c.obj                   0       257       0      
       fd_mul_t2.asm.obj             252     0         0      
       memcpy_t2.asm.obj             156     0         0      
       ull_div_t2.asm.obj            150     0         0      
       memset_t2.asm.obj             122     0         0      
       fd_tos_t2.asm.obj             110     0         0      
       copy_decompress_lzss.c.obj    104     0         0      
       s_frexp.c.obj                 100     0         0      
       _ltoa.c.obj                   84      0         0      
       atoi.c.obj                    76      0         0      
       vsprintf.c.obj                74      0         0      
       fd_toi_t2.asm.obj             72      0         0      
       autoinit.c.obj                68      0         0      
       fd_tou_t2.asm.obj             68      0         0      
       fs_tod_t2.asm.obj             56      0         0      
       boot_cortex_m.c.obj           52      0         0      
       i_tofd_t2.asm.obj             46      0         0      
       u_tofd_t2.asm.obj             32      0         0      
       memccpy.c.obj                 28      0         0      
       s_copysign.c.obj              26      0         0      
       strchr.c.obj                  22      0         0      
       strlen.c.obj                  20      0         0      
       wcslen.c.obj                  18      0         0      
       errno.c.obj                   8       0         8      
       copy_decompress_none.c.obj    14      0         0      
       copy_zero_init.c.obj          12      0         0      
       exit.c.obj                    4       0         0      
       pre_init.c.obj                4       0         0      
       div0.asm.obj                  2       0         0      
    +--+-----------------------------+-------+---------+---------+
       Total:                        7919    257       8      
                                                              
       Stack:                        0       0         1024   
       Linker Generated:             0       64        0      
    +--+-----------------------------+-------+---------+---------+
       Grand Total:                  16207   2533      11280  


LINKER GENERATED COPY TABLES

__TI_cinit_table @ 00004948 records: 2, size/record: 8, table size: 16
	.data: load addr=00004918, load size=0000001c bytes, run addr=20000b00, run size=000009a8 bytes, compression=lzss
	.bss: load addr=00004940, load size=00000008 bytes, run addr=20000000, run size=00000b00 bytes, compression=zero_init


LINKER GENERATED HANDLER TABLE

__TI_handler_table @ 00004934 records: 3, size/record: 4, table size: 12
	index: 0, handler: __TI_decompress_lzss
	index: 1, handler: __TI_decompress_none
	index: 2, handler: __TI_zero_init


GLOBAL SYMBOLS: SORTED ALPHABETICALLY BY Name 

address   name                                      
-------   ----                                      
00000b37  ADC14_IRQHandler                          
00003bdd  ADC14_clearInterruptFlag                  
00002951  ADC14_configureConversionMemory           
00003071  ADC_Config                                
00000b37  AES256_IRQHandler                         
00000b37  BusFault_Handler                          
000027bd  C$$EXIT                                   
00000b37  COMP_E0_IRQHandler                        
00000b37  COMP_E1_IRQHandler                        
00004013  CPU_cpsie                                 
00000b37  CS_IRQHandler                             
00003c0d  CS_clearInterruptFlag                     
00003cc9  CS_getACLK                                
00003e51  CS_getBCLK                                
00002169  CS_getDCOFrequency                        
00003cf1  CS_getHSMCLK                              
00003d19  CS_getMCLK                                
00003d41  CS_getSMCLK                               
00002e51  DAC8532timer_callback                     
00000b37  DMA_ERR_IRQHandler                        
00003699  DMA_INT0_IRQHandler                       
00003699  DMA_INT0_IRQHandler                       
00002b59  DMA_INT1_IRQHandler                       
00002b59  DMA_INT1_IRQHandler                       
00000b37  DMA_INT2_IRQHandler                       
00000b37  DMA_INT3_IRQHandler                       
00003eb1  DMA_clearInterruptFlag                    
00003ecd  DMA_enableChannel                         
00002261  DMA_setChannelTransfer                    
00000b37  DebugMon_Handler                          
00000b37  Default_Handler                           
00000b37  EUSCIA0_IRQHandler                        
00000b37  EUSCIA1_IRQHandler                        
00000b37  EUSCIA2_IRQHandler                        
00000b37  EUSCIA3_IRQHandler                        
00000b37  EUSCIB0_IRQHandler                        
00000b37  EUSCIB1_IRQHandler                        
00000b37  EUSCIB2_IRQHandler                        
00000b37  EUSCIB3_IRQHandler                        
00000b37  FLCTL_IRQHandler                          
00000b37  FPU_IRQHandler                            
00002edd  GPIO_setAsPeripheralModuleFunctionInputPin
00003d69  GPIO_setOutputHighOnPin                   
00003d91  GPIO_setOutputLowOnPin                    
00000b37  HardFault_Handler                         
000030f1  Interrupt_enableInterrupt                 
00003ff5  Interrupt_enableMaster                    
00003269  KEY_Init                                  
00000b37  MemManage_Handler                         
00000b37  NMI_Handler                               
00000b37  PCM_IRQHandler                            
00003851  PORT1_IRQHandler                          
00003851  PORT1_IRQHandler                          
00000b37  PORT2_IRQHandler                          
00000b37  PORT3_IRQHandler                          
00000b37  PORT4_IRQHandler                          
00000b37  PORT5_IRQHandler                          
00000b37  PORT6_IRQHandler                          
00000b37  PSS_IRQHandler                            
00000b37  PendSV_Handler                            
00000b37  RTC_C_IRQHandler                          
0000401f  Reset_Handler                             
00000b37  SVC_Handler                               
00002d29  SysCtl_A_getTLVInfo                       
000038a5  SysInit                                   
00000b37  SysTick_Handler                           
000032e1  SystemInit                                
00003f21  T32_INT1_IRQHandler                       
00003f21  T32_INT1_IRQHandler                       
00003f39  T32_INT2_IRQHandler                       
00003f39  T32_INT2_IRQHandler                       
00000b37  T32_INTC_IRQHandler                       
0000173b  TA0_0_IRQHandler                          
0000173b  TA0_0_IRQHandler                          
00000b37  TA0_N_IRQHandler                          
00003c9d  TA1_0_IRQHandler                          
00003c9d  TA1_0_IRQHandler                          
00000b37  TA1_N_IRQHandler                          
00000b37  TA2_0_IRQHandler                          
00002439  TA2_N_IRQHandler                          
00002439  TA2_N_IRQHandler                          
00000b37  TA3_0_IRQHandler                          
00000b37  TA3_N_IRQHandler                          
20001498  TIMA2_CAP_STA                             
2000149a  TIMA2_CAP_VAL                             
000026e1  TimA0_PWM_Init                            
00002dbd  TimA1_Int_Init                            
00003f69  Timer_A_clearInterruptFlag                
00003e2f  Timer_A_getCaptureCompareCount            
00003fab  Timer_A_stopTimer                         
00003c3d  UART_enableInterrupt                      
00003f7f  UART_enableModule                         
00001c35  UART_initModule                           
00003b75  UART_transmitData                         
20000400  USART0_TX_BUF                             
00000b37  UsageFault_Handler                        
0000363d  Usr_Key1_Callback                         
000036f1  Usr_Key2_Callback                         
4000480c  WDTCTL_SYM                                
00000b37  WDT_A_IRQHandler                          
00002899  _Q10atan2                                 
00002521  _Q10cos                                   
00004039  _Q10mpy                                   
00002601  _Q10sin                                   
000043d4  _Q16atan_coeffs                           
00004054  _Q16div_coeffs                            
00004254  _Q16sqrt_coeffs                           
00004838  _QNCos2Lookup                             
00004760  _QNCosLookup                              
000047cc  _QNSinLookup                              
000027c1  _Qmag                                     
00003359  _UQ15div                                  
20010000  __STACK_END                               
00000200  __STACK_SIZE                              
00004948  __TI_CINIT_Base                           
00004958  __TI_CINIT_Limit                          
00004934  __TI_Handler_Table_Base                   
00004940  __TI_Handler_Table_Limit                  
00003a35  __TI_auto_init_nobinit_nopinit            
000034a3  __TI_decompress_lzss                      
00004005  __TI_decompress_none                      
000038f9  __TI_ltoa                                 
ffffffff  __TI_pprof_out_hndl                       
000000e9  __TI_printfi                              
ffffffff  __TI_prof_data_size                       
ffffffff  __TI_prof_data_start                      
00000000  __TI_static_base__                        
0000402b  __TI_zero_init                            
00002f65  __aeabi_cdcmpeq                           
00002f65  __aeabi_cdcmple                           
00002feb  __aeabi_cdrcmple                          
00003435  __aeabi_d2f                               
000039ed  __aeabi_d2iz                              
00003a79  __aeabi_d2uiz                             
0000158f  __aeabi_dadd                              
000019d9  __aeabi_ddiv                              
0000206d  __aeabi_dmul                              
00001585  __aeabi_dsub                              
0000404d  __aeabi_errno_addr                        
00003b3b  __aeabi_f2d                               
00003c6d  __aeabi_i2d                               
00001b0f  __aeabi_idiv0                             
00001b0f  __aeabi_ldiv0                             
000031ed  __aeabi_memclr                            
000031ed  __aeabi_memclr4                           
000031ed  __aeabi_memclr8                           
00002bf5  __aeabi_memcpy                            
00002bf5  __aeabi_memcpy4                           
00002bf5  __aeabi_memcpy8                           
000031ef  __aeabi_memset                            
000031ef  __aeabi_memset4                           
000031ef  __aeabi_memset8                           
00003e71  __aeabi_ui2d                              
00002c91  __aeabi_uldivmod                          
ffffffff  __binit__                                 
ffffffff  __c_args__                                
UNDEFED   __mpu_init                                
2000fe00  __stack                                   
20000000  __start___llvm_prf_cnts                   
20000000  __stop___llvm_prf_cnts                    
00003ba9  _c_int00_noargs                           
000044dc  _ctypes_                                  
UNDEFED   _system_post_cinit                        
0000251d  _system_pre_init                          
000027bd  abort                                     
00002ab9  adc_dma_init                              
000039a1  atoi                                      
ffffffff  binit                                     
00003e09  bitPosition                               
00002351  cBitReverse                               
000013b5  cFFT                                      
20001494  ccr0                                      
00003f05  copysign                                  
00003f05  copysignl                                 
00003db9  delay_init                                
00003e91  delay_ms                                  
00003749  delay_us                                  
20001490  duty                                      
200014a0  errno                                     
00001005  eusci_calcBaudDividers                    
00001e61  fft_Display                               
00003575  frexp                                     
00003575  frexpl                                    
200014a4  g_flag_ADCStatus                          
20001480  g_flag_DAC8532Status                      
2000148c  g_flag_Serve                              
20000b00  g_u16ADCbuff                              
20001300  g_u8dac8532txData                         
00000000  interruptVectors                          
20001484  isrCounter                                
00001d51  ldexp                                     
00001d51  ldexpl                                    
00000da9  main                                      
00003ee9  memccpy                                   
00002bf5  memcpy                                    
000031f5  memset                                    
0000350d  printf                                    
20000000  qInput                                    
20000658  qMag                                      
20000a00  qPhase                                    
200014a5  recv_done_flag                            
00001d51  scalbn                                    
00001d51  scalbnl                                   
00003f95  strchr                                    
00003fbf  strlen                                    
000037a1  uart_init                                 
000045dd  ui8BitRevLUT                              
00003de1  vsprintf                                  
00003fd3  wcslen                                    


GLOBAL SYMBOLS: SORTED BY Symbol Address 

address   name                                      
-------   ----                                      
00000000  __TI_static_base__                        
00000000  interruptVectors                          
000000e9  __TI_printfi                              
00000200  __STACK_SIZE                              
00000b37  ADC14_IRQHandler                          
00000b37  AES256_IRQHandler                         
00000b37  BusFault_Handler                          
00000b37  COMP_E0_IRQHandler                        
00000b37  COMP_E1_IRQHandler                        
00000b37  CS_IRQHandler                             
00000b37  DMA_ERR_IRQHandler                        
00000b37  DMA_INT2_IRQHandler                       
00000b37  DMA_INT3_IRQHandler                       
00000b37  DebugMon_Handler                          
00000b37  Default_Handler                           
00000b37  EUSCIA0_IRQHandler                        
00000b37  EUSCIA1_IRQHandler                        
00000b37  EUSCIA2_IRQHandler                        
00000b37  EUSCIA3_IRQHandler                        
00000b37  EUSCIB0_IRQHandler                        
00000b37  EUSCIB1_IRQHandler                        
00000b37  EUSCIB2_IRQHandler                        
00000b37  EUSCIB3_IRQHandler                        
00000b37  FLCTL_IRQHandler                          
00000b37  FPU_IRQHandler                            
00000b37  HardFault_Handler                         
00000b37  MemManage_Handler                         
00000b37  NMI_Handler                               
00000b37  PCM_IRQHandler                            
00000b37  PORT2_IRQHandler                          
00000b37  PORT3_IRQHandler                          
00000b37  PORT4_IRQHandler                          
00000b37  PORT5_IRQHandler                          
00000b37  PORT6_IRQHandler                          
00000b37  PSS_IRQHandler                            
00000b37  PendSV_Handler                            
00000b37  RTC_C_IRQHandler                          
00000b37  SVC_Handler                               
00000b37  SysTick_Handler                           
00000b37  T32_INTC_IRQHandler                       
00000b37  TA0_N_IRQHandler                          
00000b37  TA1_N_IRQHandler                          
00000b37  TA2_0_IRQHandler                          
00000b37  TA3_0_IRQHandler                          
00000b37  TA3_N_IRQHandler                          
00000b37  UsageFault_Handler                        
00000b37  WDT_A_IRQHandler                          
00000da9  main                                      
00001005  eusci_calcBaudDividers                    
000013b5  cFFT                                      
00001585  __aeabi_dsub                              
0000158f  __aeabi_dadd                              
0000173b  TA0_0_IRQHandler                          
0000173b  TA0_0_IRQHandler                          
000019d9  __aeabi_ddiv                              
00001b0f  __aeabi_idiv0                             
00001b0f  __aeabi_ldiv0                             
00001c35  UART_initModule                           
00001d51  ldexp                                     
00001d51  ldexpl                                    
00001d51  scalbn                                    
00001d51  scalbnl                                   
00001e61  fft_Display                               
0000206d  __aeabi_dmul                              
00002169  CS_getDCOFrequency                        
00002261  DMA_setChannelTransfer                    
00002351  cBitReverse                               
00002439  TA2_N_IRQHandler                          
00002439  TA2_N_IRQHandler                          
0000251d  _system_pre_init                          
00002521  _Q10cos                                   
00002601  _Q10sin                                   
000026e1  TimA0_PWM_Init                            
000027bd  C$$EXIT                                   
000027bd  abort                                     
000027c1  _Qmag                                     
00002899  _Q10atan2                                 
00002951  ADC14_configureConversionMemory           
00002ab9  adc_dma_init                              
00002b59  DMA_INT1_IRQHandler                       
00002b59  DMA_INT1_IRQHandler                       
00002bf5  __aeabi_memcpy                            
00002bf5  __aeabi_memcpy4                           
00002bf5  __aeabi_memcpy8                           
00002bf5  memcpy                                    
00002c91  __aeabi_uldivmod                          
00002d29  SysCtl_A_getTLVInfo                       
00002dbd  TimA1_Int_Init                            
00002e51  DAC8532timer_callback                     
00002edd  GPIO_setAsPeripheralModuleFunctionInputPin
00002f65  __aeabi_cdcmpeq                           
00002f65  __aeabi_cdcmple                           
00002feb  __aeabi_cdrcmple                          
00003071  ADC_Config                                
000030f1  Interrupt_enableInterrupt                 
000031ed  __aeabi_memclr                            
000031ed  __aeabi_memclr4                           
000031ed  __aeabi_memclr8                           
000031ef  __aeabi_memset                            
000031ef  __aeabi_memset4                           
000031ef  __aeabi_memset8                           
000031f5  memset                                    
00003269  KEY_Init                                  
000032e1  SystemInit                                
00003359  _UQ15div                                  
00003435  __aeabi_d2f                               
000034a3  __TI_decompress_lzss                      
0000350d  printf                                    
00003575  frexp                                     
00003575  frexpl                                    
0000363d  Usr_Key1_Callback                         
00003699  DMA_INT0_IRQHandler                       
00003699  DMA_INT0_IRQHandler                       
000036f1  Usr_Key2_Callback                         
00003749  delay_us                                  
000037a1  uart_init                                 
00003851  PORT1_IRQHandler                          
00003851  PORT1_IRQHandler                          
000038a5  SysInit                                   
000038f9  __TI_ltoa                                 
000039a1  atoi                                      
000039ed  __aeabi_d2iz                              
00003a35  __TI_auto_init_nobinit_nopinit            
00003a79  __aeabi_d2uiz                             
00003b3b  __aeabi_f2d                               
00003b75  UART_transmitData                         
00003ba9  _c_int00_noargs                           
00003bdd  ADC14_clearInterruptFlag                  
00003c0d  CS_clearInterruptFlag                     
00003c3d  UART_enableInterrupt                      
00003c6d  __aeabi_i2d                               
00003c9d  TA1_0_IRQHandler                          
00003c9d  TA1_0_IRQHandler                          
00003cc9  CS_getACLK                                
00003cf1  CS_getHSMCLK                              
00003d19  CS_getMCLK                                
00003d41  CS_getSMCLK                               
00003d69  GPIO_setOutputHighOnPin                   
00003d91  GPIO_setOutputLowOnPin                    
00003db9  delay_init                                
00003de1  vsprintf                                  
00003e09  bitPosition                               
00003e2f  Timer_A_getCaptureCompareCount            
00003e51  CS_getBCLK                                
00003e71  __aeabi_ui2d                              
00003e91  delay_ms                                  
00003eb1  DMA_clearInterruptFlag                    
00003ecd  DMA_enableChannel                         
00003ee9  memccpy                                   
00003f05  copysign                                  
00003f05  copysignl                                 
00003f21  T32_INT1_IRQHandler                       
00003f21  T32_INT1_IRQHandler                       
00003f39  T32_INT2_IRQHandler                       
00003f39  T32_INT2_IRQHandler                       
00003f69  Timer_A_clearInterruptFlag                
00003f7f  UART_enableModule                         
00003f95  strchr                                    
00003fab  Timer_A_stopTimer                         
00003fbf  strlen                                    
00003fd3  wcslen                                    
00003ff5  Interrupt_enableMaster                    
00004005  __TI_decompress_none                      
00004013  CPU_cpsie                                 
0000401f  Reset_Handler                             
0000402b  __TI_zero_init                            
00004039  _Q10mpy                                   
0000404d  __aeabi_errno_addr                        
00004054  _Q16div_coeffs                            
00004254  _Q16sqrt_coeffs                           
000043d4  _Q16atan_coeffs                           
000044dc  _ctypes_                                  
000045dd  ui8BitRevLUT                              
00004760  _QNCosLookup                              
000047cc  _QNSinLookup                              
00004838  _QNCos2Lookup                             
00004934  __TI_Handler_Table_Base                   
00004940  __TI_Handler_Table_Limit                  
00004948  __TI_CINIT_Base                           
00004958  __TI_CINIT_Limit                          
20000000  __start___llvm_prf_cnts                   
20000000  __stop___llvm_prf_cnts                    
20000000  qInput                                    
20000400  USART0_TX_BUF                             
20000658  qMag                                      
20000a00  qPhase                                    
20000b00  g_u16ADCbuff                              
20001300  g_u8dac8532txData                         
20001480  g_flag_DAC8532Status                      
20001484  isrCounter                                
2000148c  g_flag_Serve                              
20001490  duty                                      
20001494  ccr0                                      
20001498  TIMA2_CAP_STA                             
2000149a  TIMA2_CAP_VAL                             
200014a0  errno                                     
200014a4  g_flag_ADCStatus                          
200014a5  recv_done_flag                            
2000fe00  __stack                                   
20010000  __STACK_END                               
4000480c  WDTCTL_SYM                                
ffffffff  __TI_pprof_out_hndl                       
ffffffff  __TI_prof_data_size                       
ffffffff  __TI_prof_data_start                      
ffffffff  __binit__                                 
ffffffff  __c_args__                                
ffffffff  binit                                     
UNDEFED   __mpu_init                                
UNDEFED   _system_post_cinit                        

[209 symbols]
